port.c:194:15:pxPortInitialiseStack	24	static
port.c:369:12:xPortStartScheduler	24	static,ignoring_inline_asm
port.c:474:6:vPortEndScheduler	16	static,ignoring_inline_asm
port.c:717:6:vPortStoreTaskMPUSettings	32	static
port.c:600:13:prvSetupMPU	8	static
port.c:663:17:prvGetMPURegionSizeSetting	24	static
port.c:509:6:PendSV_Handler	0	static,ignoring_inline_asm
port.c:567:6:SysTick_Handler	8	static,ignoring_inline_asm
port.c:224:6:SVC_Handler	0	static,ignoring_inline_asm
port.c:323:13:prvRestoreContextOfFirstTask	0	static,ignoring_inline_asm
port.c:243:13:prvSVCHandler	24	static,ignoring_inline_asm
port.c:482:6:vPortEnterCritical	16	static,ignoring_inline_asm
port.c:493:6:vPortExitCritical	24	static,ignoring_inline_asm
port.c:588:32:vPortSetupTimerInterrupt	4	static
port.c:687:12:xIsPrivileged	0	static,ignoring_inline_asm
port.c:704:6:vResetPrivilege	0	static,ignoring_inline_asm
port.c:818:10:vPortValidateInterruptPriority	24	static,ignoring_inline_asm
