Archive member included to satisfy reference by file (symbol)

d:/programmi/stm32cubeide_1.6.1/stm32cubeide/plugins/com.st.stm32cube.ide.mcu.externaltools.gnu-tools-for-stm32.9-2020-q2-update.win32_2.0.0.202105311346/tools/bin/../lib/gcc/arm-none-eabi/9.3.1/../../../../arm-none-eabi/lib/thumb/v7-m/nofp\libc_nano.a(lib_a-errno.o)
                              ./Startup/syscalls.o (__errno)
d:/programmi/stm32cubeide_1.6.1/stm32cubeide/plugins/com.st.stm32cube.ide.mcu.externaltools.gnu-tools-for-stm32.9-2020-q2-update.win32_2.0.0.202105311346/tools/bin/../lib/gcc/arm-none-eabi/9.3.1/../../../../arm-none-eabi/lib/thumb/v7-m/nofp\libc_nano.a(lib_a-exit.o)
                              d:/programmi/stm32cubeide_1.6.1/stm32cubeide/plugins/com.st.stm32cube.ide.mcu.externaltools.gnu-tools-for-stm32.9-2020-q2-update.win32_2.0.0.202105311346/tools/bin/../lib/gcc/arm-none-eabi/9.3.1/../../../../arm-none-eabi/lib/thumb/v7-m/nofp/crt0.o (exit)
d:/programmi/stm32cubeide_1.6.1/stm32cubeide/plugins/com.st.stm32cube.ide.mcu.externaltools.gnu-tools-for-stm32.9-2020-q2-update.win32_2.0.0.202105311346/tools/bin/../lib/gcc/arm-none-eabi/9.3.1/../../../../arm-none-eabi/lib/thumb/v7-m/nofp\libc_nano.a(lib_a-impure.o)
                              d:/programmi/stm32cubeide_1.6.1/stm32cubeide/plugins/com.st.stm32cube.ide.mcu.externaltools.gnu-tools-for-stm32.9-2020-q2-update.win32_2.0.0.202105311346/tools/bin/../lib/gcc/arm-none-eabi/9.3.1/../../../../arm-none-eabi/lib/thumb/v7-m/nofp\libc_nano.a(lib_a-exit.o) (_global_impure_ptr)
d:/programmi/stm32cubeide_1.6.1/stm32cubeide/plugins/com.st.stm32cube.ide.mcu.externaltools.gnu-tools-for-stm32.9-2020-q2-update.win32_2.0.0.202105311346/tools/bin/../lib/gcc/arm-none-eabi/9.3.1/../../../../arm-none-eabi/lib/thumb/v7-m/nofp\libc_nano.a(lib_a-init.o)
                              d:/programmi/stm32cubeide_1.6.1/stm32cubeide/plugins/com.st.stm32cube.ide.mcu.externaltools.gnu-tools-for-stm32.9-2020-q2-update.win32_2.0.0.202105311346/tools/bin/../lib/gcc/arm-none-eabi/9.3.1/../../../../arm-none-eabi/lib/thumb/v7-m/nofp/crt0.o (__libc_init_array)
d:/programmi/stm32cubeide_1.6.1/stm32cubeide/plugins/com.st.stm32cube.ide.mcu.externaltools.gnu-tools-for-stm32.9-2020-q2-update.win32_2.0.0.202105311346/tools/bin/../lib/gcc/arm-none-eabi/9.3.1/../../../../arm-none-eabi/lib/thumb/v7-m/nofp\libc_nano.a(lib_a-memcpy-stub.o)
                              ./FreeRTOS/queue.o (memcpy)
d:/programmi/stm32cubeide_1.6.1/stm32cubeide/plugins/com.st.stm32cube.ide.mcu.externaltools.gnu-tools-for-stm32.9-2020-q2-update.win32_2.0.0.202105311346/tools/bin/../lib/gcc/arm-none-eabi/9.3.1/../../../../arm-none-eabi/lib/thumb/v7-m/nofp\libc_nano.a(lib_a-memset.o)
                              d:/programmi/stm32cubeide_1.6.1/stm32cubeide/plugins/com.st.stm32cube.ide.mcu.externaltools.gnu-tools-for-stm32.9-2020-q2-update.win32_2.0.0.202105311346/tools/bin/../lib/gcc/arm-none-eabi/9.3.1/../../../../arm-none-eabi/lib/thumb/v7-m/nofp/crt0.o (memset)
d:/programmi/stm32cubeide_1.6.1/stm32cubeide/plugins/com.st.stm32cube.ide.mcu.externaltools.gnu-tools-for-stm32.9-2020-q2-update.win32_2.0.0.202105311346/tools/bin/../lib/gcc/arm-none-eabi/9.3.1/../../../../arm-none-eabi/lib/thumb/v7-m/nofp\libc_nano.a(lib_a-strlen.o)
                              ./FreeRTOS/tasks.o (strlen)
d:/programmi/stm32cubeide_1.6.1/stm32cubeide/plugins/com.st.stm32cube.ide.mcu.externaltools.gnu-tools-for-stm32.9-2020-q2-update.win32_2.0.0.202105311346/tools/bin/../lib/gcc/arm-none-eabi/9.3.1/thumb/v7-m/nofp\libgcc.a(_aeabi_uldivmod.o)
                              ./ST_Code/Drivers/STM32F2xx_HAL_Driver/Src/stm32f2xx_hal_rcc.o (__aeabi_uldivmod)
d:/programmi/stm32cubeide_1.6.1/stm32cubeide/plugins/com.st.stm32cube.ide.mcu.externaltools.gnu-tools-for-stm32.9-2020-q2-update.win32_2.0.0.202105311346/tools/bin/../lib/gcc/arm-none-eabi/9.3.1/thumb/v7-m/nofp\libgcc.a(_udivmoddi4.o)
                              d:/programmi/stm32cubeide_1.6.1/stm32cubeide/plugins/com.st.stm32cube.ide.mcu.externaltools.gnu-tools-for-stm32.9-2020-q2-update.win32_2.0.0.202105311346/tools/bin/../lib/gcc/arm-none-eabi/9.3.1/thumb/v7-m/nofp\libgcc.a(_aeabi_uldivmod.o) (__udivmoddi4)
d:/programmi/stm32cubeide_1.6.1/stm32cubeide/plugins/com.st.stm32cube.ide.mcu.externaltools.gnu-tools-for-stm32.9-2020-q2-update.win32_2.0.0.202105311346/tools/bin/../lib/gcc/arm-none-eabi/9.3.1/thumb/v7-m/nofp\libgcc.a(_dvmd_tls.o)
                              d:/programmi/stm32cubeide_1.6.1/stm32cubeide/plugins/com.st.stm32cube.ide.mcu.externaltools.gnu-tools-for-stm32.9-2020-q2-update.win32_2.0.0.202105311346/tools/bin/../lib/gcc/arm-none-eabi/9.3.1/thumb/v7-m/nofp\libgcc.a(_aeabi_uldivmod.o) (__aeabi_ldiv0)

Allocating common symbols
Common symbol       size              file

uwTick              0x4               ./ST_Code/Drivers/STM32F2xx_HAL_Driver/Src/stm32f2xx_hal.o
pFlash              0x20              ./ST_Code/Drivers/STM32F2xx_HAL_Driver/Src/stm32f2xx_hal_flash.o
[...]
Memory Configuration

Name             Origin             Length             Attributes
RAM              0x0000000020000000 0x0000000000020000 xrw
RAM_UNUSED       0x0000000020010000 0x0000000000004000 xrw
FLASH            0x0000000008000000 0x0000000000100000 xr
*default*        0x0000000000000000 0xffffffffffffffff

Linker script and memory map

LOAD d:/programmi/stm32cubeide_1.6.1/stm32cubeide/plugins/com.st.stm32cube.ide.mcu.externaltools.gnu-tools-for-stm32.9-2020-q2-update.win32_2.0.0.202105311346/tools/bin/../lib/gcc/arm-none-eabi/9.3.1/thumb/v7-m/nofp/crti.o
LOAD d:/programmi/stm32cubeide_1.6.1/stm32cubeide/plugins/com.st.stm32cube.ide.mcu.externaltools.gnu-tools-for-stm32.9-2020-q2-update.win32_2.0.0.202105311346/tools/bin/../lib/gcc/arm-none-eabi/9.3.1/thumb/v7-m/nofp/crtbegin.o
LOAD d:/programmi/stm32cubeide_1.6.1/stm32cubeide/plugins/com.st.stm32cube.ide.mcu.externaltools.gnu-tools-for-stm32.9-2020-q2-update.win32_2.0.0.202105311346/tools/bin/../lib/gcc/arm-none-eabi/9.3.1/../../../../arm-none-eabi/lib/thumb/v7-m/nofp/crt0.o
LOAD ./Demo/app_main.o
LOAD ./Demo/mpu_demo.o
LOAD ./FreeRTOS/croutine.o
LOAD ./FreeRTOS/event_groups.o
LOAD ./FreeRTOS/list.o
LOAD ./FreeRTOS/queue.o
LOAD ./FreeRTOS/stream_buffer.o
LOAD ./FreeRTOS/tasks.o
LOAD ./FreeRTOS/timers.o
LOAD ./FreeRTOS/portable/Common/mpu_wrappers.o
LOAD ./FreeRTOS/portable/GCC/ARM_CM3_MPU/port.o
LOAD ./FreeRTOS/portable/MemMang/heap_4.o
LOAD ./ST_Code/Core/Src/main.o
LOAD ./ST_Code/Core/Src/stm32f2xx_hal_msp.o
LOAD ./ST_Code/Core/Src/stm32f2xx_it.o
LOAD ./ST_Code/Core/Src/system_stm32f2xx.o
LOAD ./ST_Code/Drivers/STM32F2xx_HAL_Driver/Src/stm32f2xx_hal.o
LOAD ./ST_Code/Drivers/STM32F2xx_HAL_Driver/Src/stm32f2xx_hal_cortex.o
LOAD ./ST_Code/Drivers/STM32F2xx_HAL_Driver/Src/stm32f2xx_hal_dma.o
LOAD ./ST_Code/Drivers/STM32F2xx_HAL_Driver/Src/stm32f2xx_hal_dma_ex.o
LOAD ./ST_Code/Drivers/STM32F2xx_HAL_Driver/Src/stm32f2xx_hal_eth.o
LOAD ./ST_Code/Drivers/STM32F2xx_HAL_Driver/Src/stm32f2xx_hal_exti.o
LOAD ./ST_Code/Drivers/STM32F2xx_HAL_Driver/Src/stm32f2xx_hal_flash.o
LOAD ./ST_Code/Drivers/STM32F2xx_HAL_Driver/Src/stm32f2xx_hal_flash_ex.o
LOAD ./ST_Code/Drivers/STM32F2xx_HAL_Driver/Src/stm32f2xx_hal_gpio.o
LOAD ./ST_Code/Drivers/STM32F2xx_HAL_Driver/Src/stm32f2xx_hal_pwr.o
LOAD ./ST_Code/Drivers/STM32F2xx_HAL_Driver/Src/stm32f2xx_hal_pwr_ex.o
LOAD ./ST_Code/Drivers/STM32F2xx_HAL_Driver/Src/stm32f2xx_hal_rcc.o
LOAD ./ST_Code/Drivers/STM32F2xx_HAL_Driver/Src/stm32f2xx_hal_rcc_ex.o
LOAD ./ST_Code/Drivers/STM32F2xx_HAL_Driver/Src/stm32f2xx_hal_tim.o
LOAD ./ST_Code/Drivers/STM32F2xx_HAL_Driver/Src/stm32f2xx_hal_tim_ex.o
LOAD ./ST_Code/Drivers/STM32F2xx_HAL_Driver/Src/stm32f2xx_hal_uart.o
LOAD ./Startup/memfault_handler.o
LOAD ./Startup/startup_stm32f207zgtx.o
LOAD ./Startup/syscalls.o
LOAD ./Startup/sysmem.o
START GROUP
LOAD d:/programmi/stm32cubeide_1.6.1/stm32cubeide/plugins/com.st.stm32cube.ide.mcu.externaltools.gnu-tools-for-stm32.9-2020-q2-update.win32_2.0.0.202105311346/tools/bin/../lib/gcc/arm-none-eabi/9.3.1/../../../../arm-none-eabi/lib/thumb/v7-m/nofp\libc_nano.a
LOAD d:/programmi/stm32cubeide_1.6.1/stm32cubeide/plugins/com.st.stm32cube.ide.mcu.externaltools.gnu-tools-for-stm32.9-2020-q2-update.win32_2.0.0.202105311346/tools/bin/../lib/gcc/arm-none-eabi/9.3.1/../../../../arm-none-eabi/lib/thumb/v7-m/nofp\libm.a
END GROUP
START GROUP
LOAD d:/programmi/stm32cubeide_1.6.1/stm32cubeide/plugins/com.st.stm32cube.ide.mcu.externaltools.gnu-tools-for-stm32.9-2020-q2-update.win32_2.0.0.202105311346/tools/bin/../lib/gcc/arm-none-eabi/9.3.1/thumb/v7-m/nofp\libgcc.a
LOAD d:/programmi/stm32cubeide_1.6.1/stm32cubeide/plugins/com.st.stm32cube.ide.mcu.externaltools.gnu-tools-for-stm32.9-2020-q2-update.win32_2.0.0.202105311346/tools/bin/../lib/gcc/arm-none-eabi/9.3.1/../../../../arm-none-eabi/lib/thumb/v7-m/nofp\libc_nano.a
END GROUP
START GROUP
LOAD d:/programmi/stm32cubeide_1.6.1/stm32cubeide/plugins/com.st.stm32cube.ide.mcu.externaltools.gnu-tools-for-stm32.9-2020-q2-update.win32_2.0.0.202105311346/tools/bin/../lib/gcc/arm-none-eabi/9.3.1/thumb/v7-m/nofp\libgcc.a
LOAD d:/programmi/stm32cubeide_1.6.1/stm32cubeide/plugins/com.st.stm32cube.ide.mcu.externaltools.gnu-tools-for-stm32.9-2020-q2-update.win32_2.0.0.202105311346/tools/bin/../lib/gcc/arm-none-eabi/9.3.1/../../../../arm-none-eabi/lib/thumb/v7-m/nofp\libc_nano.a
LOAD d:/programmi/stm32cubeide_1.6.1/stm32cubeide/plugins/com.st.stm32cube.ide.mcu.externaltools.gnu-tools-for-stm32.9-2020-q2-update.win32_2.0.0.202105311346/tools/bin/../lib/gcc/arm-none-eabi/9.3.1/../../../../arm-none-eabi/lib/thumb/v7-m/nofp\libnosys.a
END GROUP
START GROUP
LOAD d:/programmi/stm32cubeide_1.6.1/stm32cubeide/plugins/com.st.stm32cube.ide.mcu.externaltools.gnu-tools-for-stm32.9-2020-q2-update.win32_2.0.0.202105311346/tools/bin/../lib/gcc/arm-none-eabi/9.3.1/thumb/v7-m/nofp\libgcc.a
LOAD d:/programmi/stm32cubeide_1.6.1/stm32cubeide/plugins/com.st.stm32cube.ide.mcu.externaltools.gnu-tools-for-stm32.9-2020-q2-update.win32_2.0.0.202105311346/tools/bin/../lib/gcc/arm-none-eabi/9.3.1/../../../../arm-none-eabi/lib/thumb/v7-m/nofp\libc_nano.a
LOAD d:/programmi/stm32cubeide_1.6.1/stm32cubeide/plugins/com.st.stm32cube.ide.mcu.externaltools.gnu-tools-for-stm32.9-2020-q2-update.win32_2.0.0.202105311346/tools/bin/../lib/gcc/arm-none-eabi/9.3.1/../../../../arm-none-eabi/lib/thumb/v7-m/nofp\libnosys.a
END GROUP
LOAD d:/programmi/stm32cubeide_1.6.1/stm32cubeide/plugins/com.st.stm32cube.ide.mcu.externaltools.gnu-tools-for-stm32.9-2020-q2-update.win32_2.0.0.202105311346/tools/bin/../lib/gcc/arm-none-eabi/9.3.1/thumb/v7-m/nofp/crtend.o
LOAD d:/programmi/stm32cubeide_1.6.1/stm32cubeide/plugins/com.st.stm32cube.ide.mcu.externaltools.gnu-tools-for-stm32.9-2020-q2-update.win32_2.0.0.202105311346/tools/bin/../lib/gcc/arm-none-eabi/9.3.1/thumb/v7-m/nofp/crtn.o
                0x0000000020020000                _estack = (ORIGIN (RAM) + LENGTH (RAM))
                0x0000000000000200                _Min_Heap_Size = 0x200
                0x0000000000000400                _Min_Stack_Size = 0x400
                0x0000000000008000                __privileged_functions_region_size__ = 0x8000
                0x0000000000008000                __privileged_data_region_size__ = 0x8000
                0x0000000008000000                __FLASH_segment_start__ = ORIGIN (FLASH)
                0x0000000008100000                __FLASH_segment_end__ = (__FLASH_segment_start__ + LENGTH (FLASH))
                0x0000000020000000                __SRAM_segment_start__ = ORIGIN (RAM)
                0x0000000020020000                __SRAM_segment_end__ = (__SRAM_segment_start__ + LENGTH (RAM))
                0x0000000008000000                __privileged_functions_start__ = __FLASH_segment_start__
                0x0000000008008000                __privileged_functions_end__ = (__FLASH_segment_start__ + __privileged_functions_region_size__)
                0x0000000020000000                __privileged_data_start__ = __SRAM_segment_start__
                0x0000000020008000                __privileged_data_end__ = (__SRAM_segment_start__ + __privileged_data_region_size__)

.privileged_functions
                0x0000000008000000     0x8000
                0x0000000008000000                . = ALIGN (0x4)
 *(.isr_vector)
 .isr_vector    0x0000000008000000      0x184 ./Startup/startup_stm32f207zgtx.o
                0x0000000008000000                g_pfnVectors
                0x0000000008000184                . = ALIGN (0x4)
 *(privileged_functions)
 privileged_functions
                0x0000000008000184      0x690 ./FreeRTOS/event_groups.o
                0x0000000008000184                xEventGroupCreate
                0x00000000080001b8                xEventGroupCreateStatic
                0x0000000008000226                xEventGroupWaitBits
                0x00000000080003c4                xEventGroupClearBits
                0x0000000008000434                xEventGroupSetBits
                0x000000000800054a                xEventGroupSync
                0x00000000080006a8                xEventGroupGetBitsFromISR
                0x00000000080006ee                vEventGroupDelete
                0x0000000008000758                vEventGroupSetBitsCallback
                0x0000000008000772                vEventGroupClearBitsCallback
                0x000000000800078c                uxEventGroupGetNumber
                0x00000000080007b6                vEventGroupSetNumber
 privileged_functions
                0x0000000008000814      0x15e ./FreeRTOS/list.o
                0x0000000008000814                vListInitialise
                0x0000000008000852                vListInitialiseItem
                0x000000000800086a                vListInsert
                0x00000000080008da                vListInsertEnd
                0x0000000008000920                uxListRemove
 *fill*         0x0000000008000972        0x2 
 privileged_functions
                0x0000000008000974     0x1980 ./FreeRTOS/queue.o
                0x0000000008000974                xQueueGenericSend
                0x0000000008000ba8                xQueuePeek
                0x0000000008000d6c                xQueuePeekFromISR
                0x0000000008000e3e                xQueueReceive
                0x0000000008000ffc                uxQueueMessagesWaiting
                0x0000000008001038                uxQueueSpacesAvailable
                0x000000000800107e                vQueueDelete
                0x00000000080010c4                xQueueGenericSendFromISR
                0x0000000008001246                xQueueGiveFromISR
                0x00000000080013a0                xQueueReceiveFromISR
                0x00000000080014be                xQueueIsQueueEmptyFromISR
                0x0000000008001504                xQueueIsQueueFullFromISR
                0x000000000800154e                uxQueueMessagesWaitingFromISR
                0x0000000008001588                xQueueCreateMutex
                0x00000000080015b8                xQueueCreateMutexStatic
                0x00000000080015ee                xQueueCreateCountingSemaphore
                0x0000000008001654                xQueueCreateCountingSemaphoreStatic
                0x00000000080016c2                xQueueSemaphoreTake
                0x00000000080018d8                xQueueGetMutexHolder
                0x000000000800190a                xQueueGetMutexHolderFromISR
                0x000000000800194e                xQueueTakeMutexRecursive
                0x00000000080019ba                xQueueGiveMutexRecursive
                0x0000000008001a22                vQueueAddToRegistry
                0x0000000008001a74                vQueueUnregisterQueue
                0x0000000008001ac8                pcQueueGetName
                0x0000000008001b14                xQueueGenericCreate
                0x0000000008001bda                xQueueGenericCreateStatic
                0x0000000008001cca                xQueueCreateSet
                0x0000000008001ce8                xQueueAddToSet
                0x0000000008001d2a                xQueueRemoveFromSet
                0x0000000008001d72                xQueueSelectFromSet
                0x0000000008001d98                xQueueSelectFromSetFromISR
                0x0000000008001dbc                vQueueWaitForMessageRestricted
                0x0000000008001e24                xQueueGenericReset
                0x0000000008001ef4                vQueueSetQueueNumber
                0x0000000008001f0e                uxQueueGetQueueNumber
                0x0000000008001f24                ucQueueGetQueueType
 privileged_functions
                0x00000000080022f4      0xe10 ./FreeRTOS/stream_buffer.o
                0x00000000080022f4                xStreamBufferSend
                0x000000000800248a                xStreamBufferSendFromISR
                0x0000000008002570                xStreamBufferReceive
                0x00000000080026a4                xStreamBufferReceiveFromISR
                0x0000000008002786                vStreamBufferDelete
                0x00000000080027d4                xStreamBufferIsFull
                0x0000000008002834                xStreamBufferIsEmpty
                0x0000000008002882                xStreamBufferReset
                0x00000000080028fa                xStreamBufferSpacesAvailable
                0x000000000800295e                xStreamBufferBytesAvailable
                0x0000000008002998                xStreamBufferSetTriggerLevel
                0x00000000080029f2                xStreamBufferSendCompletedFromISR
                0x0000000008002a7c                xStreamBufferReceiveCompletedFromISR
                0x0000000008002b06                xStreamBufferGenericCreate
                0x0000000008002bca                xStreamBufferGenericCreateStatic
                0x0000000008002ccc                xStreamBufferNextMessageLengthBytes
                0x0000000008002d5e                vStreamBufferSetStreamBufferNumber
                0x0000000008002d78                uxStreamBufferGetStreamBufferNumber
                0x0000000008002d8e                ucStreamBufferGetStreamBufferType
 privileged_functions
                0x0000000008003104     0x2d40 ./FreeRTOS/tasks.o
                0x0000000008003104                xTaskCreate
                0x000000000800318e                xTaskCreateStatic
                0x0000000008003248                xTaskCreateRestricted
                0x00000000080032de                xTaskCreateRestrictedStatic
                0x0000000008003392                vTaskAllocateMPURegions
                0x00000000080033c8                vTaskDelete
                0x00000000080034e8                vTaskDelay
                0x0000000008003550                xTaskDelayUntil
                0x000000000800364c                xTaskAbortDelay
                0x000000000800371c                uxTaskPriorityGet
                0x0000000008003750                uxTaskPriorityGetFromISR
                0x00000000080037a8                eTaskGetState
                0x000000000800389c                vTaskGetInfo
                0x0000000008003968                vTaskPrioritySet
                0x0000000008003abc                vTaskSuspend
                0x0000000008003bfc                vTaskResume
                0x0000000008003cb8                xTaskResumeFromISR
                0x0000000008003da4                vTaskStartScheduler
                0x0000000008003e7c                vTaskEndScheduler
                0x0000000008003eac                vTaskSuspendAll
                0x0000000008003ec8                xTaskResumeAll
                0x0000000008004000                xTaskGetTickCount
                0x000000000800401c                xTaskGetTickCountFromISR
                0x0000000008004040                uxTaskGetNumberOfTasks
                0x0000000008004054                pcTaskGetName
                0x000000000800409c                xTaskGetHandle
                0x0000000008004168                uxTaskGetStackHighWaterMark
                0x00000000080041a0                vTaskSetApplicationTaskTag
                0x00000000080041d8                xTaskGetApplicationTaskTag
                0x000000000800420c                xTaskGetApplicationTaskTagFromISR
                0x0000000008004264                vTaskSetThreadLocalStoragePointer
                0x00000000080042c0                pvTaskGetThreadLocalStoragePointer
                0x0000000008004308                xTaskCallApplicationTaskHook
                0x000000000800434c                xTaskGetIdleTaskHandle
                0x0000000008004384                uxTaskGetSystemState
                0x00000000080044a0                ulTaskGetIdleRunTimeCounter
                0x00000000080044b8                xTaskGenericNotify
                0x0000000008004678                xTaskGenericNotifyFromISR
                0x000000000800487c                xTaskGenericNotifyWait
                0x000000000800497c                vTaskGenericNotifyGiveFromISR
                0x0000000008004ad4                ulTaskGenericNotifyTake
                0x0000000008004ba4                xTaskGenericNotifyStateClear
                0x0000000008004c18                ulTaskGenericNotifyValueClear
                0x0000000008004c74                vTaskSetTimeOutState
                0x0000000008004cc0                xTaskCheckForTimeOut
                0x0000000008004dac                xTaskCatchUpTicks
                0x0000000008004dfc                xTaskIncrementTick
                0x0000000008004f6c                vTaskPlaceOnEventList
                0x0000000008004fb4                vTaskPlaceOnUnorderedEventList
                0x000000000800502c                vTaskPlaceOnEventListRestricted
                0x0000000008005084                xTaskRemoveFromEventList
                0x0000000008005148                vTaskRemoveFromUnorderedEventList
                0x000000000800520c                vTaskSwitchContext
                0x0000000008005344                uxTaskResetEventItemValue
                0x0000000008005374                xTaskGetCurrentTaskHandle
                0x0000000008005390                vTaskMissedYield
                0x00000000080053a8                xTaskGetSchedulerState
                0x00000000080053e4                xTaskPriorityInherit
                0x00000000080054d0                xTaskPriorityDisinherit
                0x00000000080055c4                vTaskPriorityDisinheritAfterTimeout
                0x00000000080056e0                uxTaskGetTaskNumber
                0x000000000800570a                vTaskSetTaskNumber
                0x000000000800572e                pvTaskIncrementMutexHeldCount
                0x0000000008005754                vTaskInternalSetTimeOutState
 privileged_functions
                0x0000000008005e44      0xa34 ./FreeRTOS/timers.o
                0x0000000008005e44                xTimerCreate
                0x0000000008005e86                xTimerCreateStatic
                0x0000000008005f02                pvTimerGetTimerID
                0x0000000008005f42                vTimerSetTimerID
                0x0000000008005f82                xTimerIsTimerActive
                0x0000000008005fd4                xTimerGetTimerDaemonTaskHandle
                0x000000000800600c                pcTimerGetName
                0x0000000008006042                vTimerSetReloadMode
                0x00000000080060a8                uxTimerGetReloadMode
                0x00000000080060fa                xTimerGetPeriod
                0x0000000008006130                xTimerGetExpiryTime
                0x000000000800616a                xTimerCreateTimerTask
                0x0000000008006200                xTimerGenericCommand
                0x000000000800629c                vTimerSetTimerNumber
                0x00000000080062b6                uxTimerGetTimerNumber
 *fill*         0x0000000008006878        0x8 
 privileged_functions
                0x0000000008006880      0x5f0 ./FreeRTOS/portable/GCC/ARM_CM3_MPU/port.o
                0x0000000008006880                pxPortInitialiseStack
                0x00000000080068ec                xPortStartScheduler
                0x00000000080069e8                vPortEndScheduler
                0x0000000008006a1c                vPortStoreTaskMPUSettings
                0x0000000008006cbc                PendSV_Handler
                0x0000000008006d38                SysTick_Handler
                0x0000000008006d68                SVC_Handler
 privileged_functions
                0x0000000008006e70      0x434 ./FreeRTOS/portable/MemMang/heap_4.o
                0x0000000008006e70                pvPortMalloc
                0x0000000008007038                vPortFree
                0x00000000080070fc                vPortInitialiseBlocks
                0x0000000008007108                xPortGetFreeHeapSize
                0x000000000800711c                xPortGetMinimumEverFreeHeapSize
                0x00000000080072a4                . = ALIGN (0x4)
 FILL mask 0xdead
                0x0000000000008000                . = __privileged_functions_region_size__
 *fill*         0x00000000080072a4      0xd5c dead

.text           0x0000000008008000     0x2b18
                0x0000000008008000                . = ALIGN (0x4)
                0x0000000008008000                __syscalls_flash_start__ = .
 *(freertos_system_calls)
 freertos_system_calls
                0x0000000008008000      0xef6 ./FreeRTOS/portable/Common/mpu_wrappers.o
                0x0000000008008000                MPU_xTaskCreate
                0x000000000800803c                MPU_xTaskCreateStatic
                0x000000000800807a                MPU_vTaskDelete
                0x000000000800809c                MPU_vTaskDelay
                0x00000000080080be                MPU_xTaskDelayUntil
                0x00000000080080e8                MPU_xTaskAbortDelay
                0x000000000800810e                MPU_uxTaskPriorityGet
                0x0000000008008134                MPU_eTaskGetState
                0x000000000800815c                MPU_vTaskGetInfo
                0x000000000800818a                MPU_vTaskPrioritySet
                0x00000000080081b0                MPU_vTaskSuspend
                0x00000000080081d2                MPU_vTaskResume
                0x00000000080081f4                MPU_vTaskSuspendAll
                0x0000000008008212                MPU_xTaskResumeAll
                0x0000000008008234                MPU_xTaskGetTickCount
                0x0000000008008256                MPU_uxTaskGetNumberOfTasks
                0x0000000008008278                MPU_pcTaskGetName
                0x000000000800829e                MPU_xTaskGetHandle
                0x00000000080082c4                MPU_uxTaskGetStackHighWaterMark
                0x00000000080082ea                MPU_vTaskSetApplicationTaskTag
                0x0000000008008310                MPU_xTaskGetApplicationTaskTag
                0x0000000008008336                MPU_vTaskSetThreadLocalStoragePointer
                0x0000000008008360                MPU_pvTaskGetThreadLocalStoragePointer
                0x000000000800838a                MPU_xTaskCallApplicationTaskHook
                0x00000000080083b4                MPU_xTaskGetIdleTaskHandle
                0x00000000080083d6                MPU_uxTaskGetSystemState
                0x0000000008008404                MPU_ulTaskGetIdleRunTimeCounter
                0x0000000008008426                MPU_xTaskGenericNotify
                0x000000000800845e                MPU_xTaskGenericNotifyWait
                0x0000000008008494                MPU_ulTaskGenericNotifyTake
                0x00000000080084c2                MPU_xTaskGenericNotifyStateClear
                0x00000000080084ec                MPU_ulTaskGenericNotifyValueClear
                0x000000000800851a                MPU_xTaskGetCurrentTaskHandle
                0x000000000800853c                MPU_vTaskSetTimeOutState
                0x000000000800855e                MPU_xTaskCheckForTimeOut
                0x0000000008008588                MPU_xTaskGetSchedulerState
                0x00000000080085aa                MPU_xTaskCatchUpTicks
                0x00000000080085d0                MPU_xQueueGenericSend
                0x0000000008008602                MPU_xQueueReceive
                0x0000000008008630                MPU_xQueuePeek
                0x000000000800865e                MPU_xQueueSemaphoreTake
                0x0000000008008688                MPU_uxQueueMessagesWaiting
                0x00000000080086ae                MPU_uxQueueSpacesAvailable
                0x00000000080086d4                MPU_vQueueDelete
                0x00000000080086f6                MPU_xQueueCreateMutex
                0x0000000008008720                MPU_xQueueCreateMutexStatic
                0x000000000800874e                MPU_xQueueCreateCountingSemaphore
                0x0000000008008778                MPU_xQueueCreateCountingSemaphoreStatic
                0x00000000080087a6                MPU_xQueueGetMutexHolder
                0x00000000080087cc                MPU_xQueueTakeMutexRecursive
                0x00000000080087f6                MPU_xQueueGiveMutexRecursive
                0x000000000800881c                MPU_vQueueAddToRegistry
                0x0000000008008842                MPU_vQueueUnregisterQueue
                0x0000000008008864                MPU_pcQueueGetName
                0x000000000800888a                MPU_xQueueGenericCreate
                0x00000000080088bc                MPU_xQueueGenericCreateStatic
                0x00000000080088f4                MPU_xQueueCreateSet
                0x000000000800891a                MPU_xQueueAddToSet
                0x0000000008008944                MPU_xQueueRemoveFromSet
                0x000000000800896e                MPU_xQueueSelectFromSet
                0x0000000008008998                MPU_xQueueGenericReset
                0x00000000080089c2                MPU_xTimerCreate
                0x00000000080089f8                MPU_xTimerCreateStatic
                0x0000000008008a32                MPU_pvTimerGetTimerID
                0x0000000008008a58                MPU_vTimerSetTimerID
                0x0000000008008a7e                MPU_xTimerIsTimerActive
                0x0000000008008aa4                MPU_xTimerGetTimerDaemonTaskHandle
                0x0000000008008ac6                MPU_pcTimerGetName
                0x0000000008008aec                MPU_vTimerSetReloadMode
                0x0000000008008b12                MPU_uxTimerGetReloadMode
                0x0000000008008b38                MPU_xTimerGetPeriod
                0x0000000008008b5e                MPU_xTimerGetExpiryTime
                0x0000000008008b84                MPU_xTimerGenericCommand
                0x0000000008008bba                MPU_xEventGroupCreate
                0x0000000008008bdc                MPU_xEventGroupCreateStatic
                0x0000000008008c02                MPU_xEventGroupWaitBits
                0x0000000008008c38                MPU_xEventGroupClearBits
                0x0000000008008c62                MPU_xEventGroupSetBits
                0x0000000008008c8c                MPU_xEventGroupSync
                0x0000000008008cbe                MPU_vEventGroupDelete
                0x0000000008008ce0                MPU_xStreamBufferSend
                0x0000000008008d12                MPU_xStreamBufferReceive
                0x0000000008008d44                MPU_xStreamBufferNextMessageLengthBytes
                0x0000000008008d6a                MPU_vStreamBufferDelete
                0x0000000008008d8c                MPU_xStreamBufferIsFull
                0x0000000008008db2                MPU_xStreamBufferIsEmpty
                0x0000000008008dd8                MPU_xStreamBufferReset
                0x0000000008008dfe                MPU_xStreamBufferSpacesAvailable
                0x0000000008008e24                MPU_xStreamBufferBytesAvailable
                0x0000000008008e4a                MPU_xStreamBufferSetTriggerLevel
                0x0000000008008e74                MPU_xStreamBufferGenericCreate
                0x0000000008008ea2                MPU_xStreamBufferGenericCreateStatic
                0x0000000008008ed8                xPortRaisePrivilege
                0x0000000008008ef6                __syscalls_flash_end__ = .
                0x0000000008008ef8                . = ALIGN (0x4)
 *fill*         0x0000000008008ef6        0x2 
 *(.text)
 .text          0x0000000008008ef8       0x40 d:/programmi/stm32cubeide_1.6.1/stm32cubeide/plugins/com.st.stm32cube.ide.mcu.externaltools.gnu-tools-for-stm32.9-2020-q2-update.win32_2.0.0.202105311346/tools/bin/../lib/gcc/arm-none-eabi/9.3.1/thumb/v7-m/nofp/crtbegin.o
 .text          0x0000000008008f38       0x10 d:/programmi/stm32cubeide_1.6.1/stm32cubeide/plugins/com.st.stm32cube.ide.mcu.externaltools.gnu-tools-for-stm32.9-2020-q2-update.win32_2.0.0.202105311346/tools/bin/../lib/gcc/arm-none-eabi/9.3.1/../../../../arm-none-eabi/lib/thumb/v7-m/nofp\libc_nano.a(lib_a-strlen.o)
                0x0000000008008f38                strlen
 .text          0x0000000008008f48       0x30 d:/programmi/stm32cubeide_1.6.1/stm32cubeide/plugins/com.st.stm32cube.ide.mcu.externaltools.gnu-tools-for-stm32.9-2020-q2-update.win32_2.0.0.202105311346/tools/bin/../lib/gcc/arm-none-eabi/9.3.1/thumb/v7-m/nofp\libgcc.a(_aeabi_uldivmod.o)
                0x0000000008008f48                __aeabi_uldivmod
 .text          0x0000000008008f78      0x2c4 d:/programmi/stm32cubeide_1.6.1/stm32cubeide/plugins/com.st.stm32cube.ide.mcu.externaltools.gnu-tools-for-stm32.9-2020-q2-update.win32_2.0.0.202105311346/tools/bin/../lib/gcc/arm-none-eabi/9.3.1/thumb/v7-m/nofp\libgcc.a(_udivmoddi4.o)
                0x0000000008008f78                __udivmoddi4
 .text          0x000000000800923c        0x4 d:/programmi/stm32cubeide_1.6.1/stm32cubeide/plugins/com.st.stm32cube.ide.mcu.externaltools.gnu-tools-for-stm32.9-2020-q2-update.win32_2.0.0.202105311346/tools/bin/../lib/gcc/arm-none-eabi/9.3.1/thumb/v7-m/nofp\libgcc.a(_dvmd_tls.o)
                0x000000000800923c                __aeabi_idiv0
                0x000000000800923c                __aeabi_ldiv0
 *(.text*)
 .text.app_main
                0x0000000008009240        0xe ./Demo/app_main.o
                0x0000000008009240                app_main
 .text.vApplicationStackOverflowHook
                0x000000000800924e        0xc ./Demo/app_main.o
                0x000000000800924e                vApplicationStackOverflowHook
 .text.vApplicationMallocFailedHook
                0x000000000800925a        0x6 ./Demo/app_main.o
                0x000000000800925a                vApplicationMallocFailedHook
 .text.vApplicationGetIdleTaskMemory
                0x0000000008009260       0x34 ./Demo/app_main.o
                0x0000000008009260                vApplicationGetIdleTaskMemory
 .text.vApplicationGetTimerTaskMemory
                0x0000000008009294       0x34 ./Demo/app_main.o
                0x0000000008009294                vApplicationGetTimerTaskMemory
 .text.prvROAccessTask
                0x00000000080092c8       0x7c ./Demo/mpu_demo.o
 .text.prvRWAccessTask
                0x0000000008009344       0x1c ./Demo/mpu_demo.o
 .text.vStartMPUDemo
                0x0000000008009360       0xb0 ./Demo/mpu_demo.o
                0x0000000008009360                vStartMPUDemo
 .text.vHandleMemoryFault
                0x0000000008009410       0x70 ./Demo/mpu_demo.o
                0x0000000008009410                vHandleMemoryFault
 .text.HAL_GPIO_EXTI_Callback
                0x0000000008009480       0x48 ./Demo/mpu_demo.o
                0x0000000008009480                HAL_GPIO_EXTI_Callback
 .text.vPortResetPrivilege
                0x00000000080094c8       0x1a ./FreeRTOS/portable/Common/mpu_wrappers.o
                0x00000000080094c8                vPortResetPrivilege
 *fill*         0x00000000080094e2        0x2 
 .text.vPortEnterCritical
                0x00000000080094e4       0x3c ./FreeRTOS/portable/GCC/ARM_CM3_MPU/port.o
                0x00000000080094e4                vPortEnterCritical
 .text.vPortExitCritical
                0x0000000008009520       0x5c ./FreeRTOS/portable/GCC/ARM_CM3_MPU/port.o
                0x0000000008009520                vPortExitCritical
 .text.vPortSetupTimerInterrupt
                0x000000000800957c       0x34 ./FreeRTOS/portable/GCC/ARM_CM3_MPU/port.o
                0x000000000800957c                vPortSetupTimerInterrupt
 .text.xIsPrivileged
                0x00000000080095b0       0x14 ./FreeRTOS/portable/GCC/ARM_CM3_MPU/port.o
                0x00000000080095b0                xIsPrivileged
 .text.vResetPrivilege
                0x00000000080095c4       0x10 ./FreeRTOS/portable/GCC/ARM_CM3_MPU/port.o
                0x00000000080095c4                vResetPrivilege
 .text.vPortValidateInterruptPriority
                0x00000000080095d4       0x7c ./FreeRTOS/portable/GCC/ARM_CM3_MPU/port.o
                0x00000000080095d4                vPortValidateInterruptPriority
 .text.main     0x0000000008009650       0x1a ./ST_Code/Core/Src/main.o
                0x0000000008009650                main
 .text.SystemClock_Config
                0x000000000800966a       0x8e ./ST_Code/Core/Src/main.o
                0x000000000800966a                SystemClock_Config
 .text.MX_USART2_UART_Init
                0x00000000080096f8       0x54 ./ST_Code/Core/Src/main.o
 .text.MX_GPIO_Init
                0x000000000800974c       0xec ./ST_Code/Core/Src/main.o
 .text.Error_Handler
                0x0000000008009838        0xc ./ST_Code/Core/Src/main.o
                0x0000000008009838                Error_Handler
 .text.HAL_MspInit
                0x0000000008009844       0x4c ./ST_Code/Core/Src/stm32f2xx_hal_msp.o
                0x0000000008009844                HAL_MspInit
 .text.EXTI15_10_IRQHandler
                0x0000000008009890       0x10 ./ST_Code/Core/Src/stm32f2xx_it.o
                0x0000000008009890                EXTI15_10_IRQHandler
 .text.SystemInit
                0x00000000080098a0        0xc ./ST_Code/Core/Src/system_stm32f2xx.o
                0x00000000080098a0                SystemInit
 .text.HAL_Init
                0x00000000080098ac       0x44 ./ST_Code/Drivers/STM32F2xx_HAL_Driver/Src/stm32f2xx_hal.o
                0x00000000080098ac                HAL_Init
 .text.HAL_InitTick
                0x00000000080098f0       0x60 ./ST_Code/Drivers/STM32F2xx_HAL_Driver/Src/stm32f2xx_hal.o
                0x00000000080098f0                HAL_InitTick
 .text.HAL_GetTick
                0x0000000008009950       0x14 ./ST_Code/Drivers/STM32F2xx_HAL_Driver/Src/stm32f2xx_hal.o
                0x0000000008009950                HAL_GetTick
 .text.__NVIC_SetPriorityGrouping
                0x0000000008009964       0x48 ./ST_Code/Drivers/STM32F2xx_HAL_Driver/Src/stm32f2xx_hal_cortex.o
 .text.__NVIC_GetPriorityGrouping
                0x00000000080099ac       0x1c ./ST_Code/Drivers/STM32F2xx_HAL_Driver/Src/stm32f2xx_hal_cortex.o
 .text.__NVIC_EnableIRQ
                0x00000000080099c8       0x38 ./ST_Code/Drivers/STM32F2xx_HAL_Driver/Src/stm32f2xx_hal_cortex.o
 .text.__NVIC_SetPriority
                0x0000000008009a00       0x54 ./ST_Code/Drivers/STM32F2xx_HAL_Driver/Src/stm32f2xx_hal_cortex.o
 .text.NVIC_EncodePriority
                0x0000000008009a54       0x64 ./ST_Code/Drivers/STM32F2xx_HAL_Driver/Src/stm32f2xx_hal_cortex.o
 .text.SysTick_Config
                0x0000000008009ab8       0x44 ./ST_Code/Drivers/STM32F2xx_HAL_Driver/Src/stm32f2xx_hal_cortex.o
 .text.HAL_NVIC_SetPriorityGrouping
                0x0000000008009afc       0x16 ./ST_Code/Drivers/STM32F2xx_HAL_Driver/Src/stm32f2xx_hal_cortex.o
                0x0000000008009afc                HAL_NVIC_SetPriorityGrouping
 .text.HAL_NVIC_SetPriority
                0x0000000008009b12       0x38 ./ST_Code/Drivers/STM32F2xx_HAL_Driver/Src/stm32f2xx_hal_cortex.o
                0x0000000008009b12                HAL_NVIC_SetPriority
 .text.HAL_NVIC_EnableIRQ
                0x0000000008009b4a       0x1c ./ST_Code/Drivers/STM32F2xx_HAL_Driver/Src/stm32f2xx_hal_cortex.o
                0x0000000008009b4a                HAL_NVIC_EnableIRQ
 .text.HAL_SYSTICK_Config
                0x0000000008009b66       0x18 ./ST_Code/Drivers/STM32F2xx_HAL_Driver/Src/stm32f2xx_hal_cortex.o
                0x0000000008009b66                HAL_SYSTICK_Config
 *fill*         0x0000000008009b7e        0x2 
 .text.HAL_GPIO_Init
                0x0000000008009b80      0x33c ./ST_Code/Drivers/STM32F2xx_HAL_Driver/Src/stm32f2xx_hal_gpio.o
                0x0000000008009b80                HAL_GPIO_Init
 .text.HAL_GPIO_WritePin
                0x0000000008009ebc       0x30 ./ST_Code/Drivers/STM32F2xx_HAL_Driver/Src/stm32f2xx_hal_gpio.o
                0x0000000008009ebc                HAL_GPIO_WritePin
 .text.HAL_GPIO_EXTI_IRQHandler
                0x0000000008009eec       0x30 ./ST_Code/Drivers/STM32F2xx_HAL_Driver/Src/stm32f2xx_hal_gpio.o
                0x0000000008009eec                HAL_GPIO_EXTI_IRQHandler
 .text.HAL_RCC_OscConfig
                0x0000000008009f1c      0x4a0 ./ST_Code/Drivers/STM32F2xx_HAL_Driver/Src/stm32f2xx_hal_rcc.o
                0x0000000008009f1c                HAL_RCC_OscConfig
 .text.HAL_RCC_ClockConfig
                0x000000000800a3bc      0x1d8 ./ST_Code/Drivers/STM32F2xx_HAL_Driver/Src/stm32f2xx_hal_rcc.o
                0x000000000800a3bc                HAL_RCC_ClockConfig
 .text.HAL_RCC_GetSysClockFreq
                0x000000000800a594      0x16c ./ST_Code/Drivers/STM32F2xx_HAL_Driver/Src/stm32f2xx_hal_rcc.o
                0x000000000800a594                HAL_RCC_GetSysClockFreq
 .text.HAL_RCC_GetHCLKFreq
                0x000000000800a700       0x14 ./ST_Code/Drivers/STM32F2xx_HAL_Driver/Src/stm32f2xx_hal_rcc.o
                0x000000000800a700                HAL_RCC_GetHCLKFreq
 .text.HAL_RCC_GetPCLK1Freq
                0x000000000800a714       0x44 ./ST_Code/Drivers/STM32F2xx_HAL_Driver/Src/stm32f2xx_hal_rcc.o
                0x000000000800a714                HAL_RCC_GetPCLK1Freq
 .text.HAL_RCC_GetPCLK2Freq
                0x000000000800a758       0x44 ./ST_Code/Drivers/STM32F2xx_HAL_Driver/Src/stm32f2xx_hal_rcc.o
                0x000000000800a758                HAL_RCC_GetPCLK2Freq
 .text.HAL_UART_Init
                0x000000000800a79c       0x9a ./ST_Code/Drivers/STM32F2xx_HAL_Driver/Src/stm32f2xx_hal_uart.o
                0x000000000800a79c                HAL_UART_Init
 .text.HAL_UART_MspInit
                0x000000000800a836       0x12 ./ST_Code/Drivers/STM32F2xx_HAL_Driver/Src/stm32f2xx_hal_uart.o
                0x000000000800a836                HAL_UART_MspInit
 .text.UART_SetConfig
                0x000000000800a848      0x1d4 ./ST_Code/Drivers/STM32F2xx_HAL_Driver/Src/stm32f2xx_hal_uart.o
 .text.MemManage_Handler
                0x000000000800aa1c       0x1a ./Startup/memfault_handler.o
                0x000000000800aa1c                MemManage_Handler
 *fill*         0x000000000800aa36        0x2 
 .text.Reset_Handler
                0x000000000800aa38       0x50 ./Startup/startup_stm32f207zgtx.o
                0x000000000800aa38                Reset_Handler
 .text.Default_Handler
                0x000000000800aa88        0x2 ./Startup/startup_stm32f207zgtx.o
                0x000000000800aa88                RTC_Alarm_IRQHandler
                0x000000000800aa88                HASH_RNG_IRQHandler
                0x000000000800aa88                EXTI2_IRQHandler
                0x000000000800aa88                TIM8_CC_IRQHandler
                0x000000000800aa88                DebugMon_Handler
                0x000000000800aa88                TIM1_CC_IRQHandler
                0x000000000800aa88                DMA2_Stream5_IRQHandler
                0x000000000800aa88                HardFault_Handler
                0x000000000800aa88                DMA1_Stream5_IRQHandler
                0x000000000800aa88                PVD_IRQHandler
                0x000000000800aa88                SDIO_IRQHandler
                0x000000000800aa88                TAMP_STAMP_IRQHandler
                0x000000000800aa88                NMI_Handler
                0x000000000800aa88                CAN2_RX1_IRQHandler
                0x000000000800aa88                EXTI3_IRQHandler
                0x000000000800aa88                TIM8_TRG_COM_TIM14_IRQHandler
                0x000000000800aa88                TIM1_UP_TIM10_IRQHandler
                0x000000000800aa88                TIM8_UP_TIM13_IRQHandler
                0x000000000800aa88                I2C3_ER_IRQHandler
                0x000000000800aa88                EXTI0_IRQHandler
                0x000000000800aa88                I2C2_EV_IRQHandler
                0x000000000800aa88                DMA1_Stream2_IRQHandler
                0x000000000800aa88                CAN1_RX0_IRQHandler
                0x000000000800aa88                OTG_HS_WKUP_IRQHandler
                0x000000000800aa88                UsageFault_Handler
                0x000000000800aa88                CAN2_SCE_IRQHandler
                0x000000000800aa88                DMA2_Stream2_IRQHandler
                0x000000000800aa88                SPI1_IRQHandler
                0x000000000800aa88                TIM6_DAC_IRQHandler
                0x000000000800aa88                TIM1_BRK_TIM9_IRQHandler
                0x000000000800aa88                DCMI_IRQHandler
                0x000000000800aa88                CAN2_RX0_IRQHandler
                0x000000000800aa88                DMA2_Stream3_IRQHandler
                0x000000000800aa88                USART6_IRQHandler
                0x000000000800aa88                USART3_IRQHandler
                0x000000000800aa88                CAN1_RX1_IRQHandler
                0x000000000800aa88                UART5_IRQHandler
                0x000000000800aa88                DMA2_Stream0_IRQHandler
                0x000000000800aa88                TIM4_IRQHandler
                0x000000000800aa88                I2C1_EV_IRQHandler
                0x000000000800aa88                DMA1_Stream6_IRQHandler
                0x000000000800aa88                DMA1_Stream1_IRQHandler
                0x000000000800aa88                UART4_IRQHandler
                0x000000000800aa88                TIM3_IRQHandler
                0x000000000800aa88                RCC_IRQHandler
                0x000000000800aa88                TIM8_BRK_TIM12_IRQHandler
                0x000000000800aa88                Default_Handler
                0x000000000800aa88                ADC_IRQHandler
                0x000000000800aa88                DMA1_Stream7_IRQHandler
                0x000000000800aa88                TIM7_IRQHandler
                0x000000000800aa88                CAN2_TX_IRQHandler
                0x000000000800aa88                TIM5_IRQHandler
                0x000000000800aa88                DMA2_Stream7_IRQHandler
                0x000000000800aa88                I2C3_EV_IRQHandler
                0x000000000800aa88                EXTI9_5_IRQHandler
                0x000000000800aa88                RTC_WKUP_IRQHandler
                0x000000000800aa88                ETH_WKUP_IRQHandler
                0x000000000800aa88                SPI2_IRQHandler
                0x000000000800aa88                OTG_HS_EP1_IN_IRQHandler
                0x000000000800aa88                DMA1_Stream0_IRQHandler
                0x000000000800aa88                CAN1_TX_IRQHandler
                0x000000000800aa88                EXTI4_IRQHandler
                0x000000000800aa88                FSMC_IRQHandler
                0x000000000800aa88                ETH_IRQHandler
                0x000000000800aa88                OTG_HS_EP1_OUT_IRQHandler
                0x000000000800aa88                WWDG_IRQHandler
                0x000000000800aa88                TIM2_IRQHandler
                0x000000000800aa88                OTG_FS_WKUP_IRQHandler
                0x000000000800aa88                TIM1_TRG_COM_TIM11_IRQHandler
                0x000000000800aa88                OTG_HS_IRQHandler
                0x000000000800aa88                EXTI1_IRQHandler
                0x000000000800aa88                USART2_IRQHandler
                0x000000000800aa88                I2C2_ER_IRQHandler
                0x000000000800aa88                DMA2_Stream1_IRQHandler
                0x000000000800aa88                CAN1_SCE_IRQHandler
                0x000000000800aa88                FLASH_IRQHandler
                0x000000000800aa88                DMA2_Stream4_IRQHandler
                0x000000000800aa88                BusFault_Handler
                0x000000000800aa88                USART1_IRQHandler
                0x000000000800aa88                OTG_FS_IRQHandler
                0x000000000800aa88                SPI3_IRQHandler
                0x000000000800aa88                DMA1_Stream4_IRQHandler
                0x000000000800aa88                I2C1_ER_IRQHandler
                0x000000000800aa88                DMA2_Stream6_IRQHandler
                0x000000000800aa88                DMA1_Stream3_IRQHandler
 *fill*         0x000000000800aa8a        0x2 
 .text.__libc_init_array
                0x000000000800aa8c       0x48 d:/programmi/stm32cubeide_1.6.1/stm32cubeide/plugins/com.st.stm32cube.ide.mcu.externaltools.gnu-tools-for-stm32.9-2020-q2-update.win32_2.0.0.202105311346/tools/bin/../lib/gcc/arm-none-eabi/9.3.1/../../../../arm-none-eabi/lib/thumb/v7-m/nofp\libc_nano.a(lib_a-init.o)
                0x000000000800aa8c                __libc_init_array
 .text.memcpy   0x000000000800aad4       0x1c d:/programmi/stm32cubeide_1.6.1/stm32cubeide/plugins/com.st.stm32cube.ide.mcu.externaltools.gnu-tools-for-stm32.9-2020-q2-update.win32_2.0.0.202105311346/tools/bin/../lib/gcc/arm-none-eabi/9.3.1/../../../../arm-none-eabi/lib/thumb/v7-m/nofp\libc_nano.a(lib_a-memcpy-stub.o)
                0x000000000800aad4                memcpy
 .text.memset   0x000000000800aaf0       0x10 d:/programmi/stm32cubeide_1.6.1/stm32cubeide/plugins/com.st.stm32cube.ide.mcu.externaltools.gnu-tools-for-stm32.9-2020-q2-update.win32_2.0.0.202105311346/tools/bin/../lib/gcc/arm-none-eabi/9.3.1/../../../../arm-none-eabi/lib/thumb/v7-m/nofp\libc_nano.a(lib_a-memset.o)
                0x000000000800aaf0                memset
 *(.glue_7)
 .glue_7        0x000000000800ab00        0x0 linker stubs
 *(.glue_7t)
 .glue_7t       0x000000000800ab00        0x0 linker stubs
 *(.eh_frame)
 .eh_frame      0x000000000800ab00        0x0 d:/programmi/stm32cubeide_1.6.1/stm32cubeide/plugins/com.st.stm32cube.ide.mcu.externaltools.gnu-tools-for-stm32.9-2020-q2-update.win32_2.0.0.202105311346/tools/bin/../lib/gcc/arm-none-eabi/9.3.1/thumb/v7-m/nofp/crtbegin.o
 *(.init)
 .init          0x000000000800ab00        0x4 d:/programmi/stm32cubeide_1.6.1/stm32cubeide/plugins/com.st.stm32cube.ide.mcu.externaltools.gnu-tools-for-stm32.9-2020-q2-update.win32_2.0.0.202105311346/tools/bin/../lib/gcc/arm-none-eabi/9.3.1/thumb/v7-m/nofp/crti.o
                0x000000000800ab00                _init
 .init          0x000000000800ab04        0x8 d:/programmi/stm32cubeide_1.6.1/stm32cubeide/plugins/com.st.stm32cube.ide.mcu.externaltools.gnu-tools-for-stm32.9-2020-q2-update.win32_2.0.0.202105311346/tools/bin/../lib/gcc/arm-none-eabi/9.3.1/thumb/v7-m/nofp/crtn.o
 *(.fini)
 .fini          0x000000000800ab0c        0x4 d:/programmi/stm32cubeide_1.6.1/stm32cubeide/plugins/com.st.stm32cube.ide.mcu.externaltools.gnu-tools-for-stm32.9-2020-q2-update.win32_2.0.0.202105311346/tools/bin/../lib/gcc/arm-none-eabi/9.3.1/thumb/v7-m/nofp/crti.o
                0x000000000800ab0c                _fini
 .fini          0x000000000800ab10        0x8 d:/programmi/stm32cubeide_1.6.1/stm32cubeide/plugins/com.st.stm32cube.ide.mcu.externaltools.gnu-tools-for-stm32.9-2020-q2-update.win32_2.0.0.202105311346/tools/bin/../lib/gcc/arm-none-eabi/9.3.1/thumb/v7-m/nofp/crtn.o
                0x000000000800ab18                . = ALIGN (0x4)
                0x000000000800ab18                _etext = .

.vfp11_veneer   0x000000000800ab18        0x0
 .vfp11_veneer  0x000000000800ab18        0x0 linker stubs

.v4_bx          0x000000000800ab18        0x0
 .v4_bx         0x000000000800ab18        0x0 linker stubs

.iplt           0x000000000800ab18        0x0
 .iplt          0x000000000800ab18        0x0 d:/programmi/stm32cubeide_1.6.1/stm32cubeide/plugins/com.st.stm32cube.ide.mcu.externaltools.gnu-tools-for-stm32.9-2020-q2-update.win32_2.0.0.202105311346/tools/bin/../lib/gcc/arm-none-eabi/9.3.1/thumb/v7-m/nofp/crtbegin.o

.rodata         0x000000000800ab18       0x48
                0x000000000800ab18                . = ALIGN (0x4)
 *(.rodata)
 .rodata        0x000000000800ab18       0x15 ./Demo/mpu_demo.o
 *fill*         0x000000000800ab2d        0x3 
 .rodata        0x000000000800ab30        0x5 ./FreeRTOS/tasks.o
 *fill*         0x000000000800ab35        0x3 
 .rodata        0x000000000800ab38        0xd ./FreeRTOS/timers.o
 *(.rodata*)
 *fill*         0x000000000800ab45        0x3 
 .rodata.AHBPrescTable
                0x000000000800ab48       0x10 ./ST_Code/Core/Src/system_stm32f2xx.o
                0x000000000800ab48                AHBPrescTable
 .rodata.APBPrescTable
                0x000000000800ab58        0x8 ./ST_Code/Core/Src/system_stm32f2xx.o
                0x000000000800ab58                APBPrescTable
                0x000000000800ab60                . = ALIGN (0x4)

.ARM.extab      0x000000000800ab60        0x0
                0x000000000800ab60                . = ALIGN (0x4)
 *(.ARM.extab* .gnu.linkonce.armextab.*)
                0x000000000800ab60                . = ALIGN (0x4)

.ARM            0x000000000800ab60        0x8
                0x000000000800ab60                . = ALIGN (0x4)
                0x000000000800ab60                __exidx_start = .
 *(.ARM.exidx*)
 .ARM.exidx     0x000000000800ab60        0x8 d:/programmi/stm32cubeide_1.6.1/stm32cubeide/plugins/com.st.stm32cube.ide.mcu.externaltools.gnu-tools-for-stm32.9-2020-q2-update.win32_2.0.0.202105311346/tools/bin/../lib/gcc/arm-none-eabi/9.3.1/thumb/v7-m/nofp\libgcc.a(_udivmoddi4.o)
                0x000000000800ab68                __exidx_end = .
                0x000000000800ab68                . = ALIGN (0x4)

.rel.dyn        0x000000000800ab68        0x0
 .rel.iplt      0x000000000800ab68        0x0 d:/programmi/stm32cubeide_1.6.1/stm32cubeide/plugins/com.st.stm32cube.ide.mcu.externaltools.gnu-tools-for-stm32.9-2020-q2-update.win32_2.0.0.202105311346/tools/bin/../lib/gcc/arm-none-eabi/9.3.1/thumb/v7-m/nofp/crtbegin.o

.preinit_array  0x000000000800ab68        0x0
                0x000000000800ab68                . = ALIGN (0x4)
                0x000000000800ab68                PROVIDE (__preinit_array_start = .)
 *(.preinit_array*)
                0x000000000800ab68                PROVIDE (__preinit_array_end = .)
                0x000000000800ab68                . = ALIGN (0x4)

.init_array     0x000000000800ab68        0x4
                0x000000000800ab68                . = ALIGN (0x4)
                0x000000000800ab68                PROVIDE (__init_array_start = .)
 *(SORT_BY_NAME(.init_array.*))
 *(.init_array*)
 .init_array    0x000000000800ab68        0x4 d:/programmi/stm32cubeide_1.6.1/stm32cubeide/plugins/com.st.stm32cube.ide.mcu.externaltools.gnu-tools-for-stm32.9-2020-q2-update.win32_2.0.0.202105311346/tools/bin/../lib/gcc/arm-none-eabi/9.3.1/thumb/v7-m/nofp/crtbegin.o
                0x000000000800ab6c                PROVIDE (__init_array_end = .)
                0x000000000800ab6c                . = ALIGN (0x4)

.fini_array     0x000000000800ab6c        0x4
                0x000000000800ab6c                . = ALIGN (0x4)
                [!provide]                        PROVIDE (__fini_array_start = .)
 *(SORT_BY_NAME(.fini_array.*))
 *(.fini_array*)
 .fini_array    0x000000000800ab6c        0x4 d:/programmi/stm32cubeide_1.6.1/stm32cubeide/plugins/com.st.stm32cube.ide.mcu.externaltools.gnu-tools-for-stm32.9-2020-q2-update.win32_2.0.0.202105311346/tools/bin/../lib/gcc/arm-none-eabi/9.3.1/thumb/v7-m/nofp/crtbegin.o
                [!provide]                        PROVIDE (__fini_array_end = .)
                0x000000000800ab70                . = ALIGN (0x4)
                0x000000000800ab70                _sidata = LOADADDR (.privileged_data)

.privileged_data
                0x0000000020000000     0x8000 load address 0x000000000800ab70
                0x0000000020000000                . = ALIGN (0x4)
                0x0000000020000000                _sdata = .
 *(privileged_data)
 privileged_data
                0x0000000020000000       0x28 ./FreeRTOS/queue.o
                0x0000000020000000                xQueueRegistry
 privileged_data
                0x0000000020000028      0x10c ./FreeRTOS/tasks.o
                0x0000000020000028                pxCurrentTCB
 privileged_data
                0x0000000020000134       0xcc ./FreeRTOS/timers.o
 privileged_data
                0x0000000020000200     0x4020 ./FreeRTOS/portable/MemMang/heap_4.o
                0x0000000020004220                . = ALIGN (0x4)
 FILL mask 0xdead
                0x0000000000008000                . = __privileged_data_region_size__
 *fill*         0x0000000020004220     0x3de0 dead

.data           0x0000000020008000       0x14 load address 0x0000000008012b70
                0x0000000020008000                . = ALIGN (0x4)
 *(.data)
 *(.data*)
 .data.uxTopUsedPriority
                0x0000000020008000        0x4 ./FreeRTOS/tasks.o
                0x0000000020008000                uxTopUsedPriority
 .data.uxCriticalNesting
                0x0000000020008004        0x4 ./FreeRTOS/portable/GCC/ARM_CM3_MPU/port.o
 .data.SystemCoreClock
                0x0000000020008008        0x4 ./ST_Code/Core/Src/system_stm32f2xx.o
                0x0000000020008008                SystemCoreClock
 .data.uwTickPrio
                0x000000002000800c        0x4 ./ST_Code/Drivers/STM32F2xx_HAL_Driver/Src/stm32f2xx_hal.o
                0x000000002000800c                uwTickPrio
 .data.uwTickFreq
                0x0000000020008010        0x1 ./ST_Code/Drivers/STM32F2xx_HAL_Driver/Src/stm32f2xx_hal.o
                0x0000000020008010                uwTickFreq
                0x0000000020008014                . = ALIGN (0x4)
 *fill*         0x0000000020008011        0x3 
                0x0000000020008014                _edata = .

.igot.plt       0x0000000020008014        0x0 load address 0x0000000008012b84
 .igot.plt      0x0000000020008014        0x0 d:/programmi/stm32cubeide_1.6.1/stm32cubeide/plugins/com.st.stm32cube.ide.mcu.externaltools.gnu-tools-for-stm32.9-2020-q2-update.win32_2.0.0.202105311346/tools/bin/../lib/gcc/arm-none-eabi/9.3.1/thumb/v7-m/nofp/crtbegin.o
                0x0000000020008014                . = ALIGN (0x4)

.bss            0x0000000020008400     0x1494 load address 0x0000000008012b84
                0x0000000020008400                _sbss = .
                0x0000000020008400                __bss_start__ = _sbss
 *(.bss)
 .bss           0x0000000020008400       0x1c d:/programmi/stm32cubeide_1.6.1/stm32cubeide/plugins/com.st.stm32cube.ide.mcu.externaltools.gnu-tools-for-stm32.9-2020-q2-update.win32_2.0.0.202105311346/tools/bin/../lib/gcc/arm-none-eabi/9.3.1/thumb/v7-m/nofp/crtbegin.o
 *(.bss*)
 .bss.xIdleTaskTCB.4652
                0x000000002000841c       0x88 ./Demo/app_main.o
 .bss.uxIdleTaskStack.4653
                0x00000000200084a4      0x400 ./Demo/app_main.o
 .bss.xTimerTaskTCB.4659
                0x00000000200088a4       0x88 ./Demo/app_main.o
 .bss.uxTimerTaskStack.4660
                0x000000002000892c      0x400 ./Demo/app_main.o
 *fill*         0x0000000020008d2c       0x14 
 .bss.ucSharedMemory
                0x0000000020008d40       0x20 ./Demo/mpu_demo.o
 .bss.ucROTaskFaultTracker
                0x0000000020008d60       0x20 ./Demo/mpu_demo.o
 *fill*         0x0000000020008d80      0x280 
 .bss.xROAccessTaskStack.4650
                0x0000000020009000      0x400 ./Demo/mpu_demo.o
 .bss.xRWAccessTaskStack.4651
                0x0000000020009400      0x400 ./Demo/mpu_demo.o
 .bss.ucMaxSysCallPriority
                0x0000000020009800        0x1 ./FreeRTOS/portable/GCC/ARM_CM3_MPU/port.o
 *fill*         0x0000000020009801        0x3 
 .bss.ulMaxPRIGROUPValue
                0x0000000020009804        0x4 ./FreeRTOS/portable/GCC/ARM_CM3_MPU/port.o
 *(COMMON)
 COMMON         0x0000000020009808       0x88 ./ST_Code/Core/Src/main.o
                0x0000000020009808                huart4
                0x000000002000984c                huart2
 COMMON         0x0000000020009890        0x4 ./ST_Code/Drivers/STM32F2xx_HAL_Driver/Src/stm32f2xx_hal.o
                0x0000000020009890                uwTick
                0x0000000020009894                . = ALIGN (0x4)
                0x0000000020009894                _ebss = .
                0x0000000020009894                __bss_end__ = _ebss

._user_heap_stack
                0x0000000020009894      0x604 load address 0x0000000008012b84
                0x0000000020009898                . = ALIGN (0x8)
 *fill*         0x0000000020009894        0x4 
                0x0000000020009898                PROVIDE (end = .)
                [!provide]                        PROVIDE (_end = .)
                0x0000000020009a98                . = (. + _Min_Heap_Size)
 *fill*         0x0000000020009898      0x200 
                0x0000000020009e98                . = (. + _Min_Stack_Size)
 *fill*         0x0000000020009a98      0x400 
                0x0000000020009e98                . = ALIGN (0x8)

/DISCARD/
 libc.a(*)
 libm.a(*)
 libgcc.a(*)

.ARM.attributes
                0x0000000000000000       0x29
 *(.ARM.attributes)
 .ARM.attributes
                0x0000000000000000       0x1d d:/programmi/stm32cubeide_1.6.1/stm32cubeide/plugins/com.st.stm32cube.ide.mcu.externaltools.gnu-tools-for-stm32.9-2020-q2-update.win32_2.0.0.202105311346/tools/bin/../lib/gcc/arm-none-eabi/9.3.1/thumb/v7-m/nofp/crti.o
 .ARM.attributes
                0x000000000000001d       0x2d d:/programmi/stm32cubeide_1.6.1/stm32cubeide/plugins/com.st.stm32cube.ide.mcu.externaltools.gnu-tools-for-stm32.9-2020-q2-update.win32_2.0.0.202105311346/tools/bin/../lib/gcc/arm-none-eabi/9.3.1/thumb/v7-m/nofp/crtbegin.o
 .ARM.attributes
                0x000000000000004a       0x2d ./Demo/app_main.o
 .ARM.attributes
                0x0000000000000077       0x2d ./Demo/mpu_demo.o
 .ARM.attributes
                0x00000000000000a4       0x2d ./FreeRTOS/event_groups.o
 .ARM.attributes
                0x00000000000000d1       0x2d ./FreeRTOS/list.o
 .ARM.attributes
                0x00000000000000fe       0x2d ./FreeRTOS/queue.o
 .ARM.attributes
                0x000000000000012b       0x2d ./FreeRTOS/stream_buffer.o
 .ARM.attributes
                0x0000000000000158       0x2d ./FreeRTOS/tasks.o
 .ARM.attributes
                0x0000000000000185       0x2d ./FreeRTOS/timers.o
 .ARM.attributes
                0x00000000000001b2       0x2d ./FreeRTOS/portable/Common/mpu_wrappers.o
 .ARM.attributes
                0x00000000000001df       0x2d ./FreeRTOS/portable/GCC/ARM_CM3_MPU/port.o
 .ARM.attributes
                0x000000000000020c       0x2d ./FreeRTOS/portable/MemMang/heap_4.o
 .ARM.attributes
                0x0000000000000239       0x2d ./ST_Code/Core/Src/main.o
 .ARM.attributes
                0x0000000000000266       0x2d ./ST_Code/Core/Src/stm32f2xx_hal_msp.o
 .ARM.attributes
                0x0000000000000293       0x2d ./ST_Code/Core/Src/stm32f2xx_it.o
 .ARM.attributes
                0x00000000000002c0       0x2d ./ST_Code/Core/Src/system_stm32f2xx.o
 .ARM.attributes
                0x00000000000002ed       0x2d ./ST_Code/Drivers/STM32F2xx_HAL_Driver/Src/stm32f2xx_hal.o
 .ARM.attributes
                0x000000000000031a       0x2d ./ST_Code/Drivers/STM32F2xx_HAL_Driver/Src/stm32f2xx_hal_cortex.o
 .ARM.attributes
                0x0000000000000347       0x2d ./ST_Code/Drivers/STM32F2xx_HAL_Driver/Src/stm32f2xx_hal_gpio.o
 .ARM.attributes
                0x0000000000000374       0x2d ./ST_Code/Drivers/STM32F2xx_HAL_Driver/Src/stm32f2xx_hal_rcc.o
 .ARM.attributes
                0x00000000000003a1       0x2d ./ST_Code/Drivers/STM32F2xx_HAL_Driver/Src/stm32f2xx_hal_uart.o
 .ARM.attributes
                0x00000000000003ce       0x2d ./Startup/memfault_handler.o
 .ARM.attributes
                0x00000000000003fb       0x21 ./Startup/startup_stm32f207zgtx.o
 .ARM.attributes
                0x000000000000041c       0x2d d:/programmi/stm32cubeide_1.6.1/stm32cubeide/plugins/com.st.stm32cube.ide.mcu.externaltools.gnu-tools-for-stm32.9-2020-q2-update.win32_2.0.0.202105311346/tools/bin/../lib/gcc/arm-none-eabi/9.3.1/../../../../arm-none-eabi/lib/thumb/v7-m/nofp\libc_nano.a(lib_a-init.o)
 .ARM.attributes
                0x0000000000000449       0x2d d:/programmi/stm32cubeide_1.6.1/stm32cubeide/plugins/com.st.stm32cube.ide.mcu.externaltools.gnu-tools-for-stm32.9-2020-q2-update.win32_2.0.0.202105311346/tools/bin/../lib/gcc/arm-none-eabi/9.3.1/../../../../arm-none-eabi/lib/thumb/v7-m/nofp\libc_nano.a(lib_a-memcpy-stub.o)
 .ARM.attributes
                0x0000000000000476       0x2d d:/programmi/stm32cubeide_1.6.1/stm32cubeide/plugins/com.st.stm32cube.ide.mcu.externaltools.gnu-tools-for-stm32.9-2020-q2-update.win32_2.0.0.202105311346/tools/bin/../lib/gcc/arm-none-eabi/9.3.1/../../../../arm-none-eabi/lib/thumb/v7-m/nofp\libc_nano.a(lib_a-memset.o)
 .ARM.attributes
                0x00000000000004a3       0x17 d:/programmi/stm32cubeide_1.6.1/stm32cubeide/plugins/com.st.stm32cube.ide.mcu.externaltools.gnu-tools-for-stm32.9-2020-q2-update.win32_2.0.0.202105311346/tools/bin/../lib/gcc/arm-none-eabi/9.3.1/../../../../arm-none-eabi/lib/thumb/v7-m/nofp\libc_nano.a(lib_a-strlen.o)
 .ARM.attributes
                0x00000000000004ba       0x1d d:/programmi/stm32cubeide_1.6.1/stm32cubeide/plugins/com.st.stm32cube.ide.mcu.externaltools.gnu-tools-for-stm32.9-2020-q2-update.win32_2.0.0.202105311346/tools/bin/../lib/gcc/arm-none-eabi/9.3.1/thumb/v7-m/nofp\libgcc.a(_aeabi_uldivmod.o)
 .ARM.attributes
                0x00000000000004d7       0x2d d:/programmi/stm32cubeide_1.6.1/stm32cubeide/plugins/com.st.stm32cube.ide.mcu.externaltools.gnu-tools-for-stm32.9-2020-q2-update.win32_2.0.0.202105311346/tools/bin/../lib/gcc/arm-none-eabi/9.3.1/thumb/v7-m/nofp\libgcc.a(_udivmoddi4.o)
 .ARM.attributes
                0x0000000000000504       0x1d d:/programmi/stm32cubeide_1.6.1/stm32cubeide/plugins/com.st.stm32cube.ide.mcu.externaltools.gnu-tools-for-stm32.9-2020-q2-update.win32_2.0.0.202105311346/tools/bin/../lib/gcc/arm-none-eabi/9.3.1/thumb/v7-m/nofp\libgcc.a(_dvmd_tls.o)
 .ARM.attributes
                0x0000000000000521       0x1d d:/programmi/stm32cubeide_1.6.1/stm32cubeide/plugins/com.st.stm32cube.ide.mcu.externaltools.gnu-tools-for-stm32.9-2020-q2-update.win32_2.0.0.202105311346/tools/bin/../lib/gcc/arm-none-eabi/9.3.1/thumb/v7-m/nofp/crtn.o
OUTPUT(FreeRTOSDemo.elf elf32-littlearm)
LOAD linker stubs
LOAD d:/programmi/stm32cubeide_1.6.1/stm32cubeide/plugins/com.st.stm32cube.ide.mcu.externaltools.gnu-tools-for-stm32.9-2020-q2-update.win32_2.0.0.202105311346/tools/bin/../lib/gcc/arm-none-eabi/9.3.1/../../../../arm-none-eabi/lib/thumb/v7-m/nofp\libc.a
LOAD d:/programmi/stm32cubeide_1.6.1/stm32cubeide/plugins/com.st.stm32cube.ide.mcu.externaltools.gnu-tools-for-stm32.9-2020-q2-update.win32_2.0.0.202105311346/tools/bin/../lib/gcc/arm-none-eabi/9.3.1/../../../../arm-none-eabi/lib/thumb/v7-m/nofp\libm.a
LOAD d:/programmi/stm32cubeide_1.6.1/stm32cubeide/plugins/com.st.stm32cube.ide.mcu.externaltools.gnu-tools-for-stm32.9-2020-q2-update.win32_2.0.0.202105311346/tools/bin/../lib/gcc/arm-none-eabi/9.3.1/thumb/v7-m/nofp\libgcc.a

.debug_info     0x0000000000000000    0x156b9
 .debug_info    0x0000000000000000      0x449 ./Demo/app_main.o
 .debug_info    0x0000000000000449      0x6c6 ./Demo/mpu_demo.o
 .debug_info    0x0000000000000b0f     0x1359 ./FreeRTOS/event_groups.o
 .debug_info    0x0000000000001e68      0xb76 ./FreeRTOS/list.o
 .debug_info    0x00000000000029de     0x26b5 ./FreeRTOS/queue.o
 .debug_info    0x0000000000005093     0x1bd2 ./FreeRTOS/stream_buffer.o
 .debug_info    0x0000000000006c65     0x3482 ./FreeRTOS/tasks.o
 .debug_info    0x000000000000a0e7     0x1aff ./FreeRTOS/timers.o
 .debug_info    0x000000000000bbe6     0x289b ./FreeRTOS/portable/Common/mpu_wrappers.o
 .debug_info    0x000000000000e481      0x73e ./FreeRTOS/portable/GCC/ARM_CM3_MPU/port.o
 .debug_info    0x000000000000ebbf      0xd95 ./FreeRTOS/portable/MemMang/heap_4.o
 .debug_info    0x000000000000f954     0x115c ./ST_Code/Core/Src/main.o
 .debug_info    0x0000000000010ab0      0x394 ./ST_Code/Core/Src/stm32f2xx_hal_msp.o
 .debug_info    0x0000000000010e44      0x1aa ./ST_Code/Core/Src/stm32f2xx_it.o
 .debug_info    0x0000000000010fee      0x3e9 ./ST_Code/Core/Src/system_stm32f2xx.o
 .debug_info    0x00000000000113d7      0xa1b ./ST_Code/Drivers/STM32F2xx_HAL_Driver/Src/stm32f2xx_hal.o
 .debug_info    0x0000000000011df2      0xed7 ./ST_Code/Drivers/STM32F2xx_HAL_Driver/Src/stm32f2xx_hal_cortex.o
 .debug_info    0x0000000000012cc9      0x804 ./ST_Code/Drivers/STM32F2xx_HAL_Driver/Src/stm32f2xx_hal_gpio.o
 .debug_info    0x00000000000134cd      0xb27 ./ST_Code/Drivers/STM32F2xx_HAL_Driver/Src/stm32f2xx_hal_rcc.o
 .debug_info    0x0000000000013ff4     0x1667 ./ST_Code/Drivers/STM32F2xx_HAL_Driver/Src/stm32f2xx_hal_uart.o
 .debug_info    0x000000000001565b       0x3c ./Startup/memfault_handler.o
 .debug_info    0x0000000000015697       0x22 ./Startup/startup_stm32f207zgtx.o

.debug_abbrev   0x0000000000000000     0x305e
 .debug_abbrev  0x0000000000000000      0x12c ./Demo/app_main.o
 .debug_abbrev  0x000000000000012c      0x230 ./Demo/mpu_demo.o
 .debug_abbrev  0x000000000000035c      0x33e ./FreeRTOS/event_groups.o
 .debug_abbrev  0x000000000000069a      0x1f7 ./FreeRTOS/list.o
 .debug_abbrev  0x0000000000000891      0x360 ./FreeRTOS/queue.o
 .debug_abbrev  0x0000000000000bf1      0x38b ./FreeRTOS/stream_buffer.o
 .debug_abbrev  0x0000000000000f7c      0x3cb ./FreeRTOS/tasks.o
 .debug_abbrev  0x0000000000001347      0x317 ./FreeRTOS/timers.o
 .debug_abbrev  0x000000000000165e      0x1e4 ./FreeRTOS/portable/Common/mpu_wrappers.o
 .debug_abbrev  0x0000000000001842      0x2ea ./FreeRTOS/portable/GCC/ARM_CM3_MPU/port.o
 .debug_abbrev  0x0000000000001b2c      0x2f1 ./FreeRTOS/portable/MemMang/heap_4.o
 .debug_abbrev  0x0000000000001e1d      0x245 ./ST_Code/Core/Src/main.o
 .debug_abbrev  0x0000000000002062      0x11d ./ST_Code/Core/Src/stm32f2xx_hal_msp.o
 .debug_abbrev  0x000000000000217f       0xb8 ./ST_Code/Core/Src/stm32f2xx_it.o
 .debug_abbrev  0x0000000000002237      0x145 ./ST_Code/Core/Src/system_stm32f2xx.o
 .debug_abbrev  0x000000000000237c      0x25d ./ST_Code/Drivers/STM32F2xx_HAL_Driver/Src/stm32f2xx_hal.o
 .debug_abbrev  0x00000000000025d9      0x33c ./ST_Code/Drivers/STM32F2xx_HAL_Driver/Src/stm32f2xx_hal_cortex.o
 .debug_abbrev  0x0000000000002915      0x1e8 ./ST_Code/Drivers/STM32F2xx_HAL_Driver/Src/stm32f2xx_hal_gpio.o
 .debug_abbrev  0x0000000000002afd      0x293 ./ST_Code/Drivers/STM32F2xx_HAL_Driver/Src/stm32f2xx_hal_rcc.o
 .debug_abbrev  0x0000000000002d90      0x28b ./ST_Code/Drivers/STM32F2xx_HAL_Driver/Src/stm32f2xx_hal_uart.o
 .debug_abbrev  0x000000000000301b       0x31 ./Startup/memfault_handler.o
 .debug_abbrev  0x000000000000304c       0x12 ./Startup/startup_stm32f207zgtx.o

.debug_aranges  0x0000000000000000     0x10f8
 .debug_aranges
                0x0000000000000000       0x40 ./Demo/app_main.o
 .debug_aranges
                0x0000000000000040       0x40 ./Demo/mpu_demo.o
 .debug_aranges
                0x0000000000000080       0x80 ./FreeRTOS/event_groups.o
 .debug_aranges
                0x0000000000000100       0x40 ./FreeRTOS/list.o
 .debug_aranges
                0x0000000000000140      0x188 ./FreeRTOS/queue.o
 .debug_aranges
                0x00000000000002c8       0xe0 ./FreeRTOS/stream_buffer.o
 .debug_aranges
                0x00000000000003a8      0x278 ./FreeRTOS/tasks.o
 .debug_aranges
                0x0000000000000620       0xe0 ./FreeRTOS/timers.o
 .debug_aranges
                0x0000000000000700      0x318 ./FreeRTOS/portable/Common/mpu_wrappers.o
 .debug_aranges
                0x0000000000000a18       0xa0 ./FreeRTOS/portable/GCC/ARM_CM3_MPU/port.o
 .debug_aranges
                0x0000000000000ab8       0x58 ./FreeRTOS/portable/MemMang/heap_4.o
 .debug_aranges
                0x0000000000000b10       0x50 ./ST_Code/Core/Src/main.o
 .debug_aranges
                0x0000000000000b60       0x20 ./ST_Code/Core/Src/stm32f2xx_hal_msp.o
 .debug_aranges
                0x0000000000000b80       0x20 ./ST_Code/Core/Src/stm32f2xx_it.o
 .debug_aranges
                0x0000000000000ba0       0x28 ./ST_Code/Core/Src/system_stm32f2xx.o
 .debug_aranges
                0x0000000000000bc8       0xf0 ./ST_Code/Drivers/STM32F2xx_HAL_Driver/Src/stm32f2xx_hal.o
 .debug_aranges
                0x0000000000000cb8      0x118 ./ST_Code/Drivers/STM32F2xx_HAL_Driver/Src/stm32f2xx_hal_cortex.o
 .debug_aranges
                0x0000000000000dd0       0x58 ./ST_Code/Drivers/STM32F2xx_HAL_Driver/Src/stm32f2xx_hal_gpio.o
 .debug_aranges
                0x0000000000000e28       0x88 ./ST_Code/Drivers/STM32F2xx_HAL_Driver/Src/stm32f2xx_hal_rcc.o
 .debug_aranges
                0x0000000000000eb0      0x200 ./ST_Code/Drivers/STM32F2xx_HAL_Driver/Src/stm32f2xx_hal_uart.o
 .debug_aranges
                0x00000000000010b0       0x20 ./Startup/memfault_handler.o
 .debug_aranges
                0x00000000000010d0       0x28 ./Startup/startup_stm32f207zgtx.o

.debug_ranges   0x0000000000000000      0xfd0
 .debug_ranges  0x0000000000000000       0x30 ./Demo/app_main.o
 .debug_ranges  0x0000000000000030       0x30 ./Demo/mpu_demo.o
 .debug_ranges  0x0000000000000060       0x70 ./FreeRTOS/event_groups.o
 .debug_ranges  0x00000000000000d0       0x30 ./FreeRTOS/list.o
 .debug_ranges  0x0000000000000100      0x178 ./FreeRTOS/queue.o
 .debug_ranges  0x0000000000000278       0xd0 ./FreeRTOS/stream_buffer.o
 .debug_ranges  0x0000000000000348      0x268 ./FreeRTOS/tasks.o
 .debug_ranges  0x00000000000005b0       0xd0 ./FreeRTOS/timers.o
 .debug_ranges  0x0000000000000680      0x308 ./FreeRTOS/portable/Common/mpu_wrappers.o
 .debug_ranges  0x0000000000000988       0x90 ./FreeRTOS/portable/GCC/ARM_CM3_MPU/port.o
 .debug_ranges  0x0000000000000a18       0x48 ./FreeRTOS/portable/MemMang/heap_4.o
 .debug_ranges  0x0000000000000a60       0x40 ./ST_Code/Core/Src/main.o
 .debug_ranges  0x0000000000000aa0       0x10 ./ST_Code/Core/Src/stm32f2xx_hal_msp.o
 .debug_ranges  0x0000000000000ab0       0x10 ./ST_Code/Core/Src/stm32f2xx_it.o
 .debug_ranges  0x0000000000000ac0       0x18 ./ST_Code/Core/Src/system_stm32f2xx.o
 .debug_ranges  0x0000000000000ad8       0xe0 ./ST_Code/Drivers/STM32F2xx_HAL_Driver/Src/stm32f2xx_hal.o
 .debug_ranges  0x0000000000000bb8      0x108 ./ST_Code/Drivers/STM32F2xx_HAL_Driver/Src/stm32f2xx_hal_cortex.o
 .debug_ranges  0x0000000000000cc0       0x48 ./ST_Code/Drivers/STM32F2xx_HAL_Driver/Src/stm32f2xx_hal_gpio.o
 .debug_ranges  0x0000000000000d08       0x78 ./ST_Code/Drivers/STM32F2xx_HAL_Driver/Src/stm32f2xx_hal_rcc.o
 .debug_ranges  0x0000000000000d80      0x220 ./ST_Code/Drivers/STM32F2xx_HAL_Driver/Src/stm32f2xx_hal_uart.o
 .debug_ranges  0x0000000000000fa0       0x10 ./Startup/memfault_handler.o
 .debug_ranges  0x0000000000000fb0       0x20 ./Startup/startup_stm32f207zgtx.o

.debug_macro    0x0000000000000000    0x2223c
 .debug_macro   0x0000000000000000       0xe4 ./Demo/app_main.o
 .debug_macro   0x00000000000000e4      0xa9c ./Demo/app_main.o
 .debug_macro   0x0000000000000b80      0x174 ./Demo/app_main.o
 .debug_macro   0x0000000000000cf4       0x22 ./Demo/app_main.o
 .debug_macro   0x0000000000000d16       0x8e ./Demo/app_main.o
 .debug_macro   0x0000000000000da4       0x51 ./Demo/app_main.o
 .debug_macro   0x0000000000000df5      0x103 ./Demo/app_main.o
 .debug_macro   0x0000000000000ef8       0x6a ./Demo/app_main.o
 .debug_macro   0x0000000000000f62      0x1df ./Demo/app_main.o
 .debug_macro   0x0000000000001141      0x187 ./Demo/app_main.o
 .debug_macro   0x00000000000012c8      0x15a ./Demo/app_main.o
 .debug_macro   0x0000000000001422      0x189 ./Demo/app_main.o
 .debug_macro   0x00000000000015ab       0x16 ./Demo/app_main.o
 .debug_macro   0x00000000000015c1      0x277 ./Demo/app_main.o
 .debug_macro   0x0000000000001838      0x486 ./Demo/app_main.o
 .debug_macro   0x0000000000001cbe       0xb5 ./Demo/app_main.o
 .debug_macro   0x0000000000001d73      0x120 ./Demo/app_main.o
 .debug_macro   0x0000000000001e93      0x10e ./Demo/mpu_demo.o
 .debug_macro   0x0000000000001fa1      0x1e2 ./FreeRTOS/event_groups.o
 .debug_macro   0x0000000000002183       0x18 ./FreeRTOS/event_groups.o
 .debug_macro   0x000000000000219b       0x4c ./FreeRTOS/event_groups.o
 .debug_macro   0x00000000000021e7       0x94 ./FreeRTOS/event_groups.o
 .debug_macro   0x000000000000227b       0x3c ./FreeRTOS/event_groups.o
 .debug_macro   0x00000000000022b7       0x34 ./FreeRTOS/event_groups.o
 .debug_macro   0x00000000000022eb       0x16 ./FreeRTOS/event_groups.o
 .debug_macro   0x0000000000002301      0x10e ./FreeRTOS/event_groups.o
 .debug_macro   0x000000000000240f       0x8d ./FreeRTOS/event_groups.o
 .debug_macro   0x000000000000249c       0x16 ./FreeRTOS/event_groups.o
 .debug_macro   0x00000000000024b2       0x43 ./FreeRTOS/event_groups.o
 .debug_macro   0x00000000000024f5       0x57 ./FreeRTOS/event_groups.o
 .debug_macro   0x000000000000254c       0x34 ./FreeRTOS/event_groups.o
 .debug_macro   0x0000000000002580       0x10 ./FreeRTOS/event_groups.o
 .debug_macro   0x0000000000002590       0x58 ./FreeRTOS/event_groups.o
 .debug_macro   0x00000000000025e8       0x71 ./FreeRTOS/event_groups.o
 .debug_macro   0x0000000000002659       0x1c ./FreeRTOS/event_groups.o
 .debug_macro   0x0000000000002675      0x12a ./FreeRTOS/event_groups.o
 .debug_macro   0x000000000000279f      0x339 ./FreeRTOS/event_groups.o
 .debug_macro   0x0000000000002ad8       0x16 ./FreeRTOS/event_groups.o
 .debug_macro   0x0000000000002aee       0x29 ./FreeRTOS/event_groups.o
 .debug_macro   0x0000000000002b17       0x1f ./FreeRTOS/event_groups.o
 .debug_macro   0x0000000000002b36       0x91 ./FreeRTOS/event_groups.o
 .debug_macro   0x0000000000002bc7      0x193 ./FreeRTOS/list.o
 .debug_macro   0x0000000000002d5a      0x21c ./FreeRTOS/queue.o
 .debug_macro   0x0000000000002f76       0x16 ./FreeRTOS/queue.o
 .debug_macro   0x0000000000002f8c       0x35 ./FreeRTOS/queue.o
 .debug_macro   0x0000000000002fc1       0x20 ./FreeRTOS/queue.o
 .debug_macro   0x0000000000002fe1       0x87 ./FreeRTOS/queue.o
 .debug_macro   0x0000000000003068      0x1e0 ./FreeRTOS/stream_buffer.o
 .debug_macro   0x0000000000003248       0x52 ./FreeRTOS/stream_buffer.o
 .debug_macro   0x000000000000329a       0x10 ./FreeRTOS/stream_buffer.o
 .debug_macro   0x00000000000032aa       0x18 ./FreeRTOS/stream_buffer.o
 .debug_macro   0x00000000000032c2      0x279 ./FreeRTOS/tasks.o
 .debug_macro   0x000000000000353b       0x10 ./FreeRTOS/tasks.o
 .debug_macro   0x000000000000354b      0x1dc ./FreeRTOS/timers.o
 .debug_macro   0x0000000000003727       0x97 ./FreeRTOS/timers.o
 .debug_macro   0x00000000000037be      0x120 ./FreeRTOS/portable/Common/mpu_wrappers.o
 .debug_macro   0x00000000000038de      0x1c6 ./FreeRTOS/portable/GCC/ARM_CM3_MPU/port.o
 .debug_macro   0x0000000000003aa4      0x1ae ./FreeRTOS/portable/MemMang/heap_4.o
 .debug_macro   0x0000000000003c52      0x1ea ./ST_Code/Core/Src/main.o
 .debug_macro   0x0000000000003e3c      0x275 ./ST_Code/Core/Src/main.o
 .debug_macro   0x00000000000040b1       0x2e ./ST_Code/Core/Src/main.o
 .debug_macro   0x00000000000040df       0x22 ./ST_Code/Core/Src/main.o
 .debug_macro   0x0000000000004101       0x1c ./ST_Code/Core/Src/main.o
 .debug_macro   0x000000000000411d       0x22 ./ST_Code/Core/Src/main.o
 .debug_macro   0x000000000000413f       0xc3 ./ST_Code/Core/Src/main.o
 .debug_macro   0x0000000000004202      0xe49 ./ST_Code/Core/Src/main.o
 .debug_macro   0x000000000000504b      0x11f ./ST_Code/Core/Src/main.o
 .debug_macro   0x000000000000516a    0x14fe1 ./ST_Code/Core/Src/main.o
 .debug_macro   0x000000000001a14b       0x43 ./ST_Code/Core/Src/main.o
 .debug_macro   0x000000000001a18e     0x358e ./ST_Code/Core/Src/main.o
 .debug_macro   0x000000000001d71c       0x55 ./ST_Code/Core/Src/main.o
 .debug_macro   0x000000000001d771     0x1057 ./ST_Code/Core/Src/main.o
 .debug_macro   0x000000000001e7c8      0x153 ./ST_Code/Core/Src/main.o
 .debug_macro   0x000000000001e91b      0x170 ./ST_Code/Core/Src/main.o
 .debug_macro   0x000000000001ea8b      0x116 ./ST_Code/Core/Src/main.o
 .debug_macro   0x000000000001eba1      0x108 ./ST_Code/Core/Src/main.o
 .debug_macro   0x000000000001eca9       0xa5 ./ST_Code/Core/Src/main.o
 .debug_macro   0x000000000001ed4e      0x16a ./ST_Code/Core/Src/main.o
 .debug_macro   0x000000000001eeb8      0x287 ./ST_Code/Core/Src/main.o
 .debug_macro   0x000000000001f13f       0x5f ./ST_Code/Core/Src/main.o
 .debug_macro   0x000000000001f19e      0x236 ./ST_Code/Core/Src/main.o
 .debug_macro   0x000000000001f3d4      0xccf ./ST_Code/Core/Src/main.o
 .debug_macro   0x00000000000200a3      0x126 ./ST_Code/Core/Src/main.o
 .debug_macro   0x00000000000201c9      0x216 ./ST_Code/Core/Src/main.o
 .debug_macro   0x00000000000203df       0x2e ./ST_Code/Core/Src/main.o
 .debug_macro   0x000000000002040d      0x113 ./ST_Code/Core/Src/main.o
 .debug_macro   0x0000000000020520       0x22 ./ST_Code/Core/Src/main.o
 .debug_macro   0x0000000000020542       0x82 ./ST_Code/Core/Src/main.o
 .debug_macro   0x00000000000205c4      0x8d1 ./ST_Code/Core/Src/main.o
 .debug_macro   0x0000000000020e95       0x4c ./ST_Code/Core/Src/main.o
 .debug_macro   0x0000000000020ee1      0x295 ./ST_Code/Core/Src/main.o
 .debug_macro   0x0000000000021176      0x12d ./ST_Code/Core/Src/main.o
 .debug_macro   0x00000000000212a3       0x58 ./ST_Code/Core/Src/main.o
 .debug_macro   0x00000000000212fb      0x1e0 ./ST_Code/Core/Src/stm32f2xx_hal_msp.o
 .debug_macro   0x00000000000214db      0x1ea ./ST_Code/Core/Src/stm32f2xx_it.o
 .debug_macro   0x00000000000216c5      0x1d1 ./ST_Code/Core/Src/system_stm32f2xx.o
 .debug_macro   0x0000000000021896      0x21f ./ST_Code/Drivers/STM32F2xx_HAL_Driver/Src/stm32f2xx_hal.o
 .debug_macro   0x0000000000021ab5      0x1d1 ./ST_Code/Drivers/STM32F2xx_HAL_Driver/Src/stm32f2xx_hal_cortex.o
 .debug_macro   0x0000000000021c86      0x1d8 ./ST_Code/Drivers/STM32F2xx_HAL_Driver/Src/stm32f2xx_hal_gpio.o
 .debug_macro   0x0000000000021e5e      0x1fb ./ST_Code/Drivers/STM32F2xx_HAL_Driver/Src/stm32f2xx_hal_rcc.o
 .debug_macro   0x0000000000022059      0x1d2 ./ST_Code/Drivers/STM32F2xx_HAL_Driver/Src/stm32f2xx_hal_uart.o
 .debug_macro   0x000000000002222b       0x11 ./Startup/memfault_handler.o

.debug_line     0x0000000000000000    0x10c19
 .debug_line    0x0000000000000000      0x61c ./Demo/app_main.o
 .debug_line    0x000000000000061c      0x698 ./Demo/mpu_demo.o
 .debug_line    0x0000000000000cb4      0xad3 ./FreeRTOS/event_groups.o
 .debug_line    0x0000000000001787      0x77d ./FreeRTOS/list.o
 .debug_line    0x0000000000001f04     0x173b ./FreeRTOS/queue.o
 .debug_line    0x000000000000363f      0xf1e ./FreeRTOS/stream_buffer.o
 .debug_line    0x000000000000455d     0x1e98 ./FreeRTOS/tasks.o
 .debug_line    0x00000000000063f5      0xc2b ./FreeRTOS/timers.o
 .debug_line    0x0000000000007020      0xc1d ./FreeRTOS/portable/Common/mpu_wrappers.o
 .debug_line    0x0000000000007c3d      0x998 ./FreeRTOS/portable/GCC/ARM_CM3_MPU/port.o
 .debug_line    0x00000000000085d5      0x9aa ./FreeRTOS/portable/MemMang/heap_4.o
 .debug_line    0x0000000000008f7f      0xa99 ./ST_Code/Core/Src/main.o
 .debug_line    0x0000000000009a18      0x909 ./ST_Code/Core/Src/stm32f2xx_hal_msp.o
 .debug_line    0x000000000000a321      0x915 ./ST_Code/Core/Src/stm32f2xx_it.o
 .debug_line    0x000000000000ac36      0x985 ./ST_Code/Core/Src/system_stm32f2xx.o
 .debug_line    0x000000000000b5bb      0xc1c ./ST_Code/Drivers/STM32F2xx_HAL_Driver/Src/stm32f2xx_hal.o
 .debug_line    0x000000000000c1d7      0xe9f ./ST_Code/Drivers/STM32F2xx_HAL_Driver/Src/stm32f2xx_hal_cortex.o
 .debug_line    0x000000000000d076      0xd6c ./ST_Code/Drivers/STM32F2xx_HAL_Driver/Src/stm32f2xx_hal_gpio.o
 .debug_line    0x000000000000dde2     0x10a2 ./ST_Code/Drivers/STM32F2xx_HAL_Driver/Src/stm32f2xx_hal_rcc.o
 .debug_line    0x000000000000ee84     0x1cbb ./ST_Code/Drivers/STM32F2xx_HAL_Driver/Src/stm32f2xx_hal_uart.o
 .debug_line    0x0000000000010b3f       0x57 ./Startup/memfault_handler.o
 .debug_line    0x0000000000010b96       0x83 ./Startup/startup_stm32f207zgtx.o

.debug_str      0x0000000000000000    0xd422f
 .debug_str     0x0000000000000000     0xa24f ./Demo/app_main.o
                                       0xa48b (size before relaxing)
 .debug_str     0x000000000000a24f      0x374 ./Demo/mpu_demo.o
                                       0xa63a (size before relaxing)
 .debug_str     0x000000000000a5c3     0x3f84 ./FreeRTOS/event_groups.o
                                       0xd14a (size before relaxing)
 .debug_str     0x000000000000e547       0xd5 ./FreeRTOS/list.o
                                       0xb286 (size before relaxing)
 .debug_str     0x000000000000e61c     0x10b7 ./FreeRTOS/queue.o
                                       0xd8af (size before relaxing)
 .debug_str     0x000000000000f6d3      0xcaf ./FreeRTOS/stream_buffer.o
                                       0xd250 (size before relaxing)
 .debug_str     0x0000000000010382     0x1492 ./FreeRTOS/tasks.o
                                       0xe8a6 (size before relaxing)
 .debug_str     0x0000000000011814      0x4eb ./FreeRTOS/timers.o
                                       0xdcf2 (size before relaxing)
 .debug_str     0x0000000000011cff      0x151 ./FreeRTOS/portable/Common/mpu_wrappers.o
                                       0xb6f7 (size before relaxing)
 .debug_str     0x0000000000011e50      0xb6a ./FreeRTOS/portable/GCC/ARM_CM3_MPU/port.o
                                       0x9def (size before relaxing)
 .debug_str     0x00000000000129ba      0x326 ./FreeRTOS/portable/MemMang/heap_4.o
                                       0xc71d (size before relaxing)
 .debug_str     0x0000000000012ce0    0xbfeae ./ST_Code/Core/Src/main.o
                                      0xc40d9 (size before relaxing)
 .debug_str     0x00000000000d2b8e       0x90 ./ST_Code/Core/Src/stm32f2xx_hal_msp.o
                                      0xc32a6 (size before relaxing)
 .debug_str     0x00000000000d2c1e       0xa6 ./ST_Code/Core/Src/stm32f2xx_it.o
                                      0xc31cd (size before relaxing)
 .debug_str     0x00000000000d2cc4       0xbf ./ST_Code/Core/Src/system_stm32f2xx.o
                                      0xc319e (size before relaxing)
 .debug_str     0x00000000000d2d83      0x53b ./ST_Code/Drivers/STM32F2xx_HAL_Driver/Src/stm32f2xx_hal.o
                                      0xc3c36 (size before relaxing)
 .debug_str     0x00000000000d32be      0x402 ./ST_Code/Drivers/STM32F2xx_HAL_Driver/Src/stm32f2xx_hal_cortex.o
                                      0xc3ac9 (size before relaxing)
 .debug_str     0x00000000000d36c0      0x1a1 ./ST_Code/Drivers/STM32F2xx_HAL_Driver/Src/stm32f2xx_hal_gpio.o
                                      0xc3388 (size before relaxing)
 .debug_str     0x00000000000d3861      0x2e6 ./ST_Code/Drivers/STM32F2xx_HAL_Driver/Src/stm32f2xx_hal_rcc.o
                                      0xc361e (size before relaxing)
 .debug_str     0x00000000000d3b47      0x687 ./ST_Code/Drivers/STM32F2xx_HAL_Driver/Src/stm32f2xx_hal_uart.o
                                      0xc3b42 (size before relaxing)
 .debug_str     0x00000000000d41ce       0x30 ./Startup/memfault_handler.o
                                       0x2dd9 (size before relaxing)
 .debug_str     0x00000000000d41fe       0x31 ./Startup/startup_stm32f207zgtx.o
                                         0xb7 (size before relaxing)

.comment        0x0000000000000000       0x53
 .comment       0x0000000000000000       0x53 ./Demo/app_main.o
                                         0x54 (size before relaxing)
 .comment       0x0000000000000053       0x54 ./Demo/mpu_demo.o
 .comment       0x0000000000000053       0x54 ./FreeRTOS/event_groups.o
 .comment       0x0000000000000053       0x54 ./FreeRTOS/list.o
 .comment       0x0000000000000053       0x54 ./FreeRTOS/queue.o
 .comment       0x0000000000000053       0x54 ./FreeRTOS/stream_buffer.o
 .comment       0x0000000000000053       0x54 ./FreeRTOS/tasks.o
 .comment       0x0000000000000053       0x54 ./FreeRTOS/timers.o
 .comment       0x0000000000000053       0x54 ./FreeRTOS/portable/Common/mpu_wrappers.o
 .comment       0x0000000000000053       0x54 ./FreeRTOS/portable/GCC/ARM_CM3_MPU/port.o
 .comment       0x0000000000000053       0x54 ./FreeRTOS/portable/MemMang/heap_4.o
 .comment       0x0000000000000053       0x54 ./ST_Code/Core/Src/main.o
 .comment       0x0000000000000053       0x54 ./ST_Code/Core/Src/stm32f2xx_hal_msp.o
 .comment       0x0000000000000053       0x54 ./ST_Code/Core/Src/stm32f2xx_it.o
 .comment       0x0000000000000053       0x54 ./ST_Code/Core/Src/system_stm32f2xx.o
 .comment       0x0000000000000053       0x54 ./ST_Code/Drivers/STM32F2xx_HAL_Driver/Src/stm32f2xx_hal.o
 .comment       0x0000000000000053       0x54 ./ST_Code/Drivers/STM32F2xx_HAL_Driver/Src/stm32f2xx_hal_cortex.o
 .comment       0x0000000000000053       0x54 ./ST_Code/Drivers/STM32F2xx_HAL_Driver/Src/stm32f2xx_hal_gpio.o
 .comment       0x0000000000000053       0x54 ./ST_Code/Drivers/STM32F2xx_HAL_Driver/Src/stm32f2xx_hal_rcc.o
 .comment       0x0000000000000053       0x54 ./ST_Code/Drivers/STM32F2xx_HAL_Driver/Src/stm32f2xx_hal_uart.o
 .comment       0x0000000000000053       0x54 ./Startup/memfault_handler.o

.debug_frame    0x0000000000000000     0x4574
 .debug_frame   0x0000000000000000       0xb0 ./Demo/app_main.o
 .debug_frame   0x00000000000000b0       0xc8 ./Demo/mpu_demo.o
 .debug_frame   0x0000000000000178      0x1f4 ./FreeRTOS/event_groups.o
 .debug_frame   0x000000000000036c       0xd8 ./FreeRTOS/list.o
 .debug_frame   0x0000000000000444      0x6cc ./FreeRTOS/queue.o
 .debug_frame   0x0000000000000b10      0x3d0 ./FreeRTOS/stream_buffer.o
 .debug_frame   0x0000000000000ee0      0xafc ./FreeRTOS/tasks.o
 .debug_frame   0x00000000000019dc      0x3b8 ./FreeRTOS/timers.o
 .debug_frame   0x0000000000001d94      0xd90 ./FreeRTOS/portable/Common/mpu_wrappers.o
 .debug_frame   0x0000000000002b24      0x208 ./FreeRTOS/portable/GCC/ARM_CM3_MPU/port.o
 .debug_frame   0x0000000000002d2c      0x12c ./FreeRTOS/portable/MemMang/heap_4.o
 .debug_frame   0x0000000000002e58       0xf0 ./ST_Code/Core/Src/main.o
 .debug_frame   0x0000000000002f48       0x38 ./ST_Code/Core/Src/stm32f2xx_hal_msp.o
 .debug_frame   0x0000000000002f80       0x2c ./ST_Code/Core/Src/stm32f2xx_it.o
 .debug_frame   0x0000000000002fac       0x58 ./ST_Code/Core/Src/system_stm32f2xx.o
 .debug_frame   0x0000000000003004      0x384 ./ST_Code/Drivers/STM32F2xx_HAL_Driver/Src/stm32f2xx_hal.o
 .debug_frame   0x0000000000003388      0x498 ./ST_Code/Drivers/STM32F2xx_HAL_Driver/Src/stm32f2xx_hal_cortex.o
 .debug_frame   0x0000000000003820      0x14c ./ST_Code/Drivers/STM32F2xx_HAL_Driver/Src/stm32f2xx_hal_gpio.o
 .debug_frame   0x000000000000396c      0x200 ./ST_Code/Drivers/STM32F2xx_HAL_Driver/Src/stm32f2xx_hal_rcc.o
 .debug_frame   0x0000000000003b6c      0x914 ./ST_Code/Drivers/STM32F2xx_HAL_Driver/Src/stm32f2xx_hal_uart.o
 .debug_frame   0x0000000000004480       0x20 ./Startup/memfault_handler.o
 .debug_frame   0x00000000000044a0       0x2c d:/programmi/stm32cubeide_1.6.1/stm32cubeide/plugins/com.st.stm32cube.ide.mcu.externaltools.gnu-tools-for-stm32.9-2020-q2-update.win32_2.0.0.202105311346/tools/bin/../lib/gcc/arm-none-eabi/9.3.1/../../../../arm-none-eabi/lib/thumb/v7-m/nofp\libc_nano.a(lib_a-init.o)
 .debug_frame   0x00000000000044cc       0x28 d:/programmi/stm32cubeide_1.6.1/stm32cubeide/plugins/com.st.stm32cube.ide.mcu.externaltools.gnu-tools-for-stm32.9-2020-q2-update.win32_2.0.0.202105311346/tools/bin/../lib/gcc/arm-none-eabi/9.3.1/../../../../arm-none-eabi/lib/thumb/v7-m/nofp\libc_nano.a(lib_a-memcpy-stub.o)
 .debug_frame   0x00000000000044f4       0x20 d:/programmi/stm32cubeide_1.6.1/stm32cubeide/plugins/com.st.stm32cube.ide.mcu.externaltools.gnu-tools-for-stm32.9-2020-q2-update.win32_2.0.0.202105311346/tools/bin/../lib/gcc/arm-none-eabi/9.3.1/../../../../arm-none-eabi/lib/thumb/v7-m/nofp\libc_nano.a(lib_a-memset.o)
 .debug_frame   0x0000000000004514       0x2c d:/programmi/stm32cubeide_1.6.1/stm32cubeide/plugins/com.st.stm32cube.ide.mcu.externaltools.gnu-tools-for-stm32.9-2020-q2-update.win32_2.0.0.202105311346/tools/bin/../lib/gcc/arm-none-eabi/9.3.1/thumb/v7-m/nofp\libgcc.a(_aeabi_uldivmod.o)
 .debug_frame   0x0000000000004540       0x34 d:/programmi/stm32cubeide_1.6.1/stm32cubeide/plugins/com.st.stm32cube.ide.mcu.externaltools.gnu-tools-for-stm32.9-2020-q2-update.win32_2.0.0.202105311346/tools/bin/../lib/gcc/arm-none-eabi/9.3.1/thumb/v7-m/nofp\libgcc.a(_udivmoddi4.o)
