Archive member included to satisfy reference by file (symbol)

d:/programmi/stm32cubeide_1.6.1/stm32cubeide/plugins/com.st.stm32cube.ide.mcu.externaltools.gnu-tools-for-stm32.9-2020-q2-update.win32_2.0.0.202105311346/tools/bin/../lib/gcc/arm-none-eabi/9.3.1/../../../../arm-none-eabi/lib/thumb/v7-m/nofp\libc_nano.a(lib_a-errno.o)
                              ./Startup/syscalls.o (__errno)
d:/programmi/stm32cubeide_1.6.1/stm32cubeide/plugins/com.st.stm32cube.ide.mcu.externaltools.gnu-tools-for-stm32.9-2020-q2-update.win32_2.0.0.202105311346/tools/bin/../lib/gcc/arm-none-eabi/9.3.1/../../../../arm-none-eabi/lib/thumb/v7-m/nofp\libc_nano.a(lib_a-exit.o)
                              d:/programmi/stm32cubeide_1.6.1/stm32cubeide/plugins/com.st.stm32cube.ide.mcu.externaltools.gnu-tools-for-stm32.9-2020-q2-update.win32_2.0.0.202105311346/tools/bin/../lib/gcc/arm-none-eabi/9.3.1/../../../../arm-none-eabi/lib/thumb/v7-m/nofp/crt0.o (exit)
d:/programmi/stm32cubeide_1.6.1/stm32cubeide/plugins/com.st.stm32cube.ide.mcu.externaltools.gnu-tools-for-stm32.9-2020-q2-update.win32_2.0.0.202105311346/tools/bin/../lib/gcc/arm-none-eabi/9.3.1/../../../../arm-none-eabi/lib/thumb/v7-m/nofp\libc_nano.a(lib_a-impure.o)
                              d:/programmi/stm32cubeide_1.6.1/stm32cubeide/plugins/com.st.stm32cube.ide.mcu.externaltools.gnu-tools-for-stm32.9-2020-q2-update.win32_2.0.0.202105311346/tools/bin/../lib/gcc/arm-none-eabi/9.3.1/../../../../arm-none-eabi/lib/thumb/v7-m/nofp\libc_nano.a(lib_a-exit.o) (_global_impure_ptr)
d:/programmi/stm32cubeide_1.6.1/stm32cubeide/plugins/com.st.stm32cube.ide.mcu.externaltools.gnu-tools-for-stm32.9-2020-q2-update.win32_2.0.0.202105311346/tools/bin/../lib/gcc/arm-none-eabi/9.3.1/../../../../arm-none-eabi/lib/thumb/v7-m/nofp\libc_nano.a(lib_a-init.o)
                              d:/programmi/stm32cubeide_1.6.1/stm32cubeide/plugins/com.st.stm32cube.ide.mcu.externaltools.gnu-tools-for-stm32.9-2020-q2-update.win32_2.0.0.202105311346/tools/bin/../lib/gcc/arm-none-eabi/9.3.1/../../../../arm-none-eabi/lib/thumb/v7-m/nofp/crt0.o (__libc_init_array)
d:/programmi/stm32cubeide_1.6.1/stm32cubeide/plugins/com.st.stm32cube.ide.mcu.externaltools.gnu-tools-for-stm32.9-2020-q2-update.win32_2.0.0.202105311346/tools/bin/../lib/gcc/arm-none-eabi/9.3.1/../../../../arm-none-eabi/lib/thumb/v7-m/nofp\libc_nano.a(lib_a-memset.o)
                              d:/programmi/stm32cubeide_1.6.1/stm32cubeide/plugins/com.st.stm32cube.ide.mcu.externaltools.gnu-tools-for-stm32.9-2020-q2-update.win32_2.0.0.202105311346/tools/bin/../lib/gcc/arm-none-eabi/9.3.1/../../../../arm-none-eabi/lib/thumb/v7-m/nofp/crt0.o (memset)

Discarded input sections

 .text          0x0000000000000000        0x0 d:/programmi/stm32cubeide_1.6.1/stm32cubeide/plugins/com.st.stm32cube.ide.mcu.externaltools.gnu-tools-for-stm32.9-2020-q2-update.win32_2.0.0.202105311346/tools/bin/../lib/gcc/arm-none-eabi/9.3.1/thumb/v7-m/nofp/crti.o
 .data          0x0000000000000000        0x0 d:/programmi/stm32cubeide_1.6.1/stm32cubeide/plugins/com.st.stm32cube.ide.mcu.externaltools.gnu-tools-for-stm32.9-2020-q2-update.win32_2.0.0.202105311346/tools/bin/../lib/gcc/arm-none-eabi/9.3.1/thumb/v7-m/nofp/crti.o
 .bss           0x0000000000000000        0x0 d:/programmi/stm32cubeide_1.6.1/stm32cubeide/plugins/com.st.stm32cube.ide.mcu.externaltools.gnu-tools-for-stm32.9-2020-q2-update.win32_2.0.0.202105311346/tools/bin/../lib/gcc/arm-none-eabi/9.3.1/thumb/v7-m/nofp/crti.o
 .data          0x0000000000000000        0x4 d:/programmi/stm32cubeide_1.6.1/stm32cubeide/plugins/com.st.stm32cube.ide.mcu.externaltools.gnu-tools-for-stm32.9-2020-q2-update.win32_2.0.0.202105311346/tools/bin/../lib/gcc/arm-none-eabi/9.3.1/thumb/v7-m/nofp/crtbegin.o
 .text          0x0000000000000000       0x7c d:/programmi/stm32cubeide_1.6.1/stm32cubeide/plugins/com.st.stm32cube.ide.mcu.externaltools.gnu-tools-for-stm32.9-2020-q2-update.win32_2.0.0.202105311346/tools/bin/../lib/gcc/arm-none-eabi/9.3.1/../../../../arm-none-eabi/lib/thumb/v7-m/nofp/crt0.o
 .data          0x0000000000000000        0x0 d:/programmi/stm32cubeide_1.6.1/stm32cubeide/plugins/com.st.stm32cube.ide.mcu.externaltools.gnu-tools-for-stm32.9-2020-q2-update.win32_2.0.0.202105311346/tools/bin/../lib/gcc/arm-none-eabi/9.3.1/../../../../arm-none-eabi/lib/thumb/v7-m/nofp/crt0.o
 .bss           0x0000000000000000        0x0 d:/programmi/stm32cubeide_1.6.1/stm32cubeide/plugins/com.st.stm32cube.ide.mcu.externaltools.gnu-tools-for-stm32.9-2020-q2-update.win32_2.0.0.202105311346/tools/bin/../lib/gcc/arm-none-eabi/9.3.1/../../../../arm-none-eabi/lib/thumb/v7-m/nofp/crt0.o
 .ARM.extab     0x0000000000000000        0x0 d:/programmi/stm32cubeide_1.6.1/stm32cubeide/plugins/com.st.stm32cube.ide.mcu.externaltools.gnu-tools-for-stm32.9-2020-q2-update.win32_2.0.0.202105311346/tools/bin/../lib/gcc/arm-none-eabi/9.3.1/../../../../arm-none-eabi/lib/thumb/v7-m/nofp/crt0.o
 .ARM.exidx     0x0000000000000000       0x10 d:/programmi/stm32cubeide_1.6.1/stm32cubeide/plugins/com.st.stm32cube.ide.mcu.externaltools.gnu-tools-for-stm32.9-2020-q2-update.win32_2.0.0.202105311346/tools/bin/../lib/gcc/arm-none-eabi/9.3.1/../../../../arm-none-eabi/lib/thumb/v7-m/nofp/crt0.o
 .ARM.attributes
                0x0000000000000000       0x1b d:/programmi/stm32cubeide_1.6.1/stm32cubeide/plugins/com.st.stm32cube.ide.mcu.externaltools.gnu-tools-for-stm32.9-2020-q2-update.win32_2.0.0.202105311346/tools/bin/../lib/gcc/arm-none-eabi/9.3.1/../../../../arm-none-eabi/lib/thumb/v7-m/nofp/crt0.o
 .group         0x0000000000000000        0xc ./Startup/memfault_handler.o
 .text          0x0000000000000000        0x0 ./Startup/memfault_handler.o
 .data          0x0000000000000000        0x0 ./Startup/memfault_handler.o
 .bss           0x0000000000000000        0x0 ./Startup/memfault_handler.o
 .text          0x0000000000000000       0x14 ./Startup/startup_stm32f207zgtx.o
 .data          0x0000000000000000        0x0 ./Startup/startup_stm32f207zgtx.o
 .bss           0x0000000000000000        0x0 ./Startup/startup_stm32f207zgtx.o
 .group         0x0000000000000000        0xc ./Startup/syscalls.o
 .group         0x0000000000000000        0xc ./Startup/syscalls.o
 .group         0x0000000000000000        0xc ./Startup/syscalls.o
 .group         0x0000000000000000        0xc ./Startup/syscalls.o
 .group         0x0000000000000000        0xc ./Startup/syscalls.o
 .group         0x0000000000000000        0xc ./Startup/syscalls.o
 .group         0x0000000000000000        0xc ./Startup/syscalls.o
 .group         0x0000000000000000        0xc ./Startup/syscalls.o
 .group         0x0000000000000000        0xc ./Startup/syscalls.o
 .group         0x0000000000000000        0xc ./Startup/syscalls.o
 .group         0x0000000000000000        0xc ./Startup/syscalls.o
 .group         0x0000000000000000        0xc ./Startup/syscalls.o
 .group         0x0000000000000000        0xc ./Startup/syscalls.o
 .group         0x0000000000000000        0xc ./Startup/syscalls.o
 .group         0x0000000000000000        0xc ./Startup/syscalls.o
 .group         0x0000000000000000        0xc ./Startup/syscalls.o
 .group         0x0000000000000000        0xc ./Startup/syscalls.o
 .group         0x0000000000000000        0xc ./Startup/syscalls.o
 .group         0x0000000000000000        0xc ./Startup/syscalls.o
 .group         0x0000000000000000        0xc ./Startup/syscalls.o
 .group         0x0000000000000000        0xc ./Startup/syscalls.o
 .group         0x0000000000000000        0xc ./Startup/syscalls.o
 .group         0x0000000000000000        0xc ./Startup/syscalls.o
 .group         0x0000000000000000        0xc ./Startup/syscalls.o
 .group         0x0000000000000000        0xc ./Startup/syscalls.o
 .group         0x0000000000000000        0xc ./Startup/syscalls.o
 .group         0x0000000000000000        0xc ./Startup/syscalls.o
 .group         0x0000000000000000        0xc ./Startup/syscalls.o
 .group         0x0000000000000000        0xc ./Startup/syscalls.o
 .group         0x0000000000000000        0xc ./Startup/syscalls.o
 .group         0x0000000000000000        0xc ./Startup/syscalls.o
 .group         0x0000000000000000        0xc ./Startup/syscalls.o
 .group         0x0000000000000000        0xc ./Startup/syscalls.o
 .group         0x0000000000000000        0xc ./Startup/syscalls.o
 .group         0x0000000000000000        0xc ./Startup/syscalls.o
 .group         0x0000000000000000        0xc ./Startup/syscalls.o
 .group         0x0000000000000000        0xc ./Startup/syscalls.o
 .group         0x0000000000000000        0xc ./Startup/syscalls.o
 .group         0x0000000000000000        0xc ./Startup/syscalls.o
 .group         0x0000000000000000        0xc ./Startup/syscalls.o
 .group         0x0000000000000000        0xc ./Startup/syscalls.o
 .group         0x0000000000000000        0xc ./Startup/syscalls.o
 .group         0x0000000000000000        0xc ./Startup/syscalls.o
 .group         0x0000000000000000        0xc ./Startup/syscalls.o
 .group         0x0000000000000000        0xc ./Startup/syscalls.o
 .group         0x0000000000000000        0xc ./Startup/syscalls.o
 .group         0x0000000000000000        0xc ./Startup/syscalls.o
 .text          0x0000000000000000        0x0 ./Startup/syscalls.o
 .data          0x0000000000000000        0x0 ./Startup/syscalls.o
 .bss           0x0000000000000000        0x0 ./Startup/syscalls.o
 .bss.__env     0x0000000000000000        0x4 ./Startup/syscalls.o
 .data.environ  0x0000000000000000        0x4 ./Startup/syscalls.o
 .text.initialise_monitor_handles
                0x0000000000000000        0xc ./Startup/syscalls.o
 .text._getpid  0x0000000000000000        0xe ./Startup/syscalls.o
 .text._kill    0x0000000000000000       0x20 ./Startup/syscalls.o
 .text._exit    0x0000000000000000       0x14 ./Startup/syscalls.o
 .text._read    0x0000000000000000       0x3a ./Startup/syscalls.o
 .text._write   0x0000000000000000       0x38 ./Startup/syscalls.o
 .text._close   0x0000000000000000       0x16 ./Startup/syscalls.o
 .text._fstat   0x0000000000000000       0x1e ./Startup/syscalls.o
 .text._isatty  0x0000000000000000       0x14 ./Startup/syscalls.o
 .text._lseek   0x0000000000000000       0x18 ./Startup/syscalls.o
 .text._open    0x0000000000000000       0x1a ./Startup/syscalls.o
 .text._wait    0x0000000000000000       0x1e ./Startup/syscalls.o
 .text._unlink  0x0000000000000000       0x1e ./Startup/syscalls.o
 .text._times   0x0000000000000000       0x16 ./Startup/syscalls.o
 .text._stat    0x0000000000000000       0x1e ./Startup/syscalls.o
 .text._link    0x0000000000000000       0x20 ./Startup/syscalls.o
 .text._fork    0x0000000000000000       0x16 ./Startup/syscalls.o
 .text._execve  0x0000000000000000       0x22 ./Startup/syscalls.o
 .debug_info    0x0000000000000000      0xfb4 ./Startup/syscalls.o
 .debug_abbrev  0x0000000000000000      0x297 ./Startup/syscalls.o
 .debug_aranges
                0x0000000000000000       0xa8 ./Startup/syscalls.o
 .debug_ranges  0x0000000000000000       0x98 ./Startup/syscalls.o
 .debug_macro   0x0000000000000000      0x24c ./Startup/syscalls.o
 .debug_macro   0x0000000000000000      0xa9c ./Startup/syscalls.o
 .debug_macro   0x0000000000000000       0x22 ./Startup/syscalls.o
 .debug_macro   0x0000000000000000       0x4c ./Startup/syscalls.o
 .debug_macro   0x0000000000000000       0x18 ./Startup/syscalls.o
 .debug_macro   0x0000000000000000       0x94 ./Startup/syscalls.o
 .debug_macro   0x0000000000000000       0x3c ./Startup/syscalls.o
 .debug_macro   0x0000000000000000       0x34 ./Startup/syscalls.o
 .debug_macro   0x0000000000000000       0x57 ./Startup/syscalls.o
 .debug_macro   0x0000000000000000      0x174 ./Startup/syscalls.o
 .debug_macro   0x0000000000000000      0x339 ./Startup/syscalls.o
 .debug_macro   0x0000000000000000       0x16 ./Startup/syscalls.o
 .debug_macro   0x0000000000000000       0x43 ./Startup/syscalls.o
 .debug_macro   0x0000000000000000       0x34 ./Startup/syscalls.o
 .debug_macro   0x0000000000000000       0x10 ./Startup/syscalls.o
 .debug_macro   0x0000000000000000       0x58 ./Startup/syscalls.o
 .debug_macro   0x0000000000000000       0x71 ./Startup/syscalls.o
 .debug_macro   0x0000000000000000       0x1c ./Startup/syscalls.o
 .debug_macro   0x0000000000000000      0x12a ./Startup/syscalls.o
 .debug_macro   0x0000000000000000       0x10 ./Startup/syscalls.o
 .debug_macro   0x0000000000000000       0x35 ./Startup/syscalls.o
 .debug_macro   0x0000000000000000       0x10 ./Startup/syscalls.o
 .debug_macro   0x0000000000000000       0x10 ./Startup/syscalls.o
 .debug_macro   0x0000000000000000       0x10 ./Startup/syscalls.o
 .debug_macro   0x0000000000000000       0x6a ./Startup/syscalls.o
 .debug_macro   0x0000000000000000       0x1c ./Startup/syscalls.o
 .debug_macro   0x0000000000000000       0x52 ./Startup/syscalls.o
 .debug_macro   0x0000000000000000       0x22 ./Startup/syscalls.o
 .debug_macro   0x0000000000000000       0x10 ./Startup/syscalls.o
 .debug_macro   0x0000000000000000       0x40 ./Startup/syscalls.o
 .debug_macro   0x0000000000000000       0xd5 ./Startup/syscalls.o
 .debug_macro   0x0000000000000000       0x1c ./Startup/syscalls.o
 .debug_macro   0x0000000000000000       0x3d ./Startup/syscalls.o
 .debug_macro   0x0000000000000000       0x35 ./Startup/syscalls.o
 .debug_macro   0x0000000000000000      0x12c ./Startup/syscalls.o
 .debug_macro   0x0000000000000000       0x16 ./Startup/syscalls.o
 .debug_macro   0x0000000000000000       0x16 ./Startup/syscalls.o
 .debug_macro   0x0000000000000000       0x29 ./Startup/syscalls.o
 .debug_macro   0x0000000000000000       0x10 ./Startup/syscalls.o
 .debug_macro   0x0000000000000000      0x241 ./Startup/syscalls.o
 .debug_macro   0x0000000000000000       0x1c ./Startup/syscalls.o
 .debug_macro   0x0000000000000000       0x10 ./Startup/syscalls.o
 .debug_macro   0x0000000000000000       0x10 ./Startup/syscalls.o
 .debug_macro   0x0000000000000000       0x16 ./Startup/syscalls.o
 .debug_macro   0x0000000000000000      0x145 ./Startup/syscalls.o
 .debug_macro   0x0000000000000000      0x189 ./Startup/syscalls.o
 .debug_macro   0x0000000000000000       0x16 ./Startup/syscalls.o
 .debug_macro   0x0000000000000000       0xce ./Startup/syscalls.o
 .debug_line    0x0000000000000000      0x828 ./Startup/syscalls.o
 .debug_str     0x0000000000000000     0x8ede ./Startup/syscalls.o
 .comment       0x0000000000000000       0x54 ./Startup/syscalls.o
 .debug_frame   0x0000000000000000      0x2ac ./Startup/syscalls.o
 .ARM.attributes
                0x0000000000000000       0x2d ./Startup/syscalls.o
 .group         0x0000000000000000        0xc ./Startup/sysmem.o
 .group         0x0000000000000000        0xc ./Startup/sysmem.o
 .group         0x0000000000000000        0xc ./Startup/sysmem.o
 .group         0x0000000000000000        0xc ./Startup/sysmem.o
 .group         0x0000000000000000        0xc ./Startup/sysmem.o
 .group         0x0000000000000000        0xc ./Startup/sysmem.o
 .group         0x0000000000000000        0xc ./Startup/sysmem.o
 .group         0x0000000000000000        0xc ./Startup/sysmem.o
 .group         0x0000000000000000        0xc ./Startup/sysmem.o
 .group         0x0000000000000000        0xc ./Startup/sysmem.o
 .group         0x0000000000000000        0xc ./Startup/sysmem.o
 .group         0x0000000000000000        0xc ./Startup/sysmem.o
 .group         0x0000000000000000        0xc ./Startup/sysmem.o
 .group         0x0000000000000000        0xc ./Startup/sysmem.o
 .group         0x0000000000000000        0xc ./Startup/sysmem.o
 .group         0x0000000000000000        0xc ./Startup/sysmem.o
 .group         0x0000000000000000        0xc ./Startup/sysmem.o
 .group         0x0000000000000000        0xc ./Startup/sysmem.o
 .group         0x0000000000000000        0xc ./Startup/sysmem.o
 .group         0x0000000000000000        0xc ./Startup/sysmem.o
 .group         0x0000000000000000        0xc ./Startup/sysmem.o
 .group         0x0000000000000000        0xc ./Startup/sysmem.o
 .group         0x0000000000000000        0xc ./Startup/sysmem.o
 .group         0x0000000000000000        0xc ./Startup/sysmem.o
 .group         0x0000000000000000        0xc ./Startup/sysmem.o
 .group         0x0000000000000000        0xc ./Startup/sysmem.o
 .group         0x0000000000000000        0xc ./Startup/sysmem.o
 .group         0x0000000000000000        0xc ./Startup/sysmem.o
 .group         0x0000000000000000        0xc ./Startup/sysmem.o
 .group         0x0000000000000000        0xc ./Startup/sysmem.o
 .group         0x0000000000000000        0xc ./Startup/sysmem.o
 .group         0x0000000000000000        0xc ./Startup/sysmem.o
 .group         0x0000000000000000        0xc ./Startup/sysmem.o
 .group         0x0000000000000000        0xc ./Startup/sysmem.o
 .group         0x0000000000000000        0xc ./Startup/sysmem.o
 .text          0x0000000000000000        0x0 ./Startup/sysmem.o
 .data          0x0000000000000000        0x0 ./Startup/sysmem.o
 .bss           0x0000000000000000        0x0 ./Startup/sysmem.o
 .bss.heap_end.5222
                0x0000000000000000        0x4 ./Startup/sysmem.o
 .text._sbrk    0x0000000000000000       0x58 ./Startup/sysmem.o
 .debug_info    0x0000000000000000      0x9b5 ./Startup/sysmem.o
 .debug_abbrev  0x0000000000000000      0x1e3 ./Startup/sysmem.o
 .debug_aranges
                0x0000000000000000       0x20 ./Startup/sysmem.o
 .debug_ranges  0x0000000000000000       0x10 ./Startup/sysmem.o
 .debug_macro   0x0000000000000000      0x1b1 ./Startup/sysmem.o
 .debug_macro   0x0000000000000000      0xa9c ./Startup/sysmem.o
 .debug_macro   0x0000000000000000       0x10 ./Startup/sysmem.o
 .debug_macro   0x0000000000000000       0x22 ./Startup/sysmem.o
 .debug_macro   0x0000000000000000       0x4c ./Startup/sysmem.o
 .debug_macro   0x0000000000000000       0x18 ./Startup/sysmem.o
 .debug_macro   0x0000000000000000       0x94 ./Startup/sysmem.o
 .debug_macro   0x0000000000000000       0x3c ./Startup/sysmem.o
 .debug_macro   0x0000000000000000       0x34 ./Startup/sysmem.o
 .debug_macro   0x0000000000000000      0x174 ./Startup/sysmem.o
 .debug_macro   0x0000000000000000       0x16 ./Startup/sysmem.o
 .debug_macro   0x0000000000000000       0x43 ./Startup/sysmem.o
 .debug_macro   0x0000000000000000       0x57 ./Startup/sysmem.o
 .debug_macro   0x0000000000000000       0x34 ./Startup/sysmem.o
 .debug_macro   0x0000000000000000       0x10 ./Startup/sysmem.o
 .debug_macro   0x0000000000000000       0x58 ./Startup/sysmem.o
 .debug_macro   0x0000000000000000       0x71 ./Startup/sysmem.o
 .debug_macro   0x0000000000000000       0x1c ./Startup/sysmem.o
 .debug_macro   0x0000000000000000      0x12a ./Startup/sysmem.o
 .debug_macro   0x0000000000000000      0x23b ./Startup/sysmem.o
 .debug_macro   0x0000000000000000       0x1c ./Startup/sysmem.o
 .debug_macro   0x0000000000000000       0x35 ./Startup/sysmem.o
 .debug_macro   0x0000000000000000      0x339 ./Startup/sysmem.o
 .debug_macro   0x0000000000000000       0x10 ./Startup/sysmem.o
 .debug_macro   0x0000000000000000       0x10 ./Startup/sysmem.o
 .debug_macro   0x0000000000000000       0x6a ./Startup/sysmem.o
 .debug_macro   0x0000000000000000       0x1c ./Startup/sysmem.o
 .debug_macro   0x0000000000000000       0x52 ./Startup/sysmem.o
 .debug_macro   0x0000000000000000       0x22 ./Startup/sysmem.o
 .debug_macro   0x0000000000000000       0x10 ./Startup/sysmem.o
 .debug_macro   0x0000000000000000       0x40 ./Startup/sysmem.o
 .debug_macro   0x0000000000000000       0xd5 ./Startup/sysmem.o
 .debug_macro   0x0000000000000000       0x1c ./Startup/sysmem.o
 .debug_macro   0x0000000000000000       0x3d ./Startup/sysmem.o
 .debug_macro   0x0000000000000000       0x16 ./Startup/sysmem.o
 .debug_macro   0x0000000000000000      0x145 ./Startup/sysmem.o
 .debug_line    0x0000000000000000      0x5ac ./Startup/sysmem.o
 .debug_str     0x0000000000000000     0x7bb4 ./Startup/sysmem.o
 .comment       0x0000000000000000       0x54 ./Startup/sysmem.o
 .debug_frame   0x0000000000000000       0x34 ./Startup/sysmem.o
 .ARM.attributes
                0x0000000000000000       0x2d ./Startup/sysmem.o
 .text          0x0000000000000000        0x0 d:/programmi/stm32cubeide_1.6.1/stm32cubeide/plugins/com.st.stm32cube.ide.mcu.externaltools.gnu-tools-for-stm32.9-2020-q2-update.win32_2.0.0.202105311346/tools/bin/../lib/gcc/arm-none-eabi/9.3.1/../../../../arm-none-eabi/lib/thumb/v7-m/nofp\libc_nano.a(lib_a-errno.o)
 .data          0x0000000000000000        0x0 d:/programmi/stm32cubeide_1.6.1/stm32cubeide/plugins/com.st.stm32cube.ide.mcu.externaltools.gnu-tools-for-stm32.9-2020-q2-update.win32_2.0.0.202105311346/tools/bin/../lib/gcc/arm-none-eabi/9.3.1/../../../../arm-none-eabi/lib/thumb/v7-m/nofp\libc_nano.a(lib_a-errno.o)
 .bss           0x0000000000000000        0x0 d:/programmi/stm32cubeide_1.6.1/stm32cubeide/plugins/com.st.stm32cube.ide.mcu.externaltools.gnu-tools-for-stm32.9-2020-q2-update.win32_2.0.0.202105311346/tools/bin/../lib/gcc/arm-none-eabi/9.3.1/../../../../arm-none-eabi/lib/thumb/v7-m/nofp\libc_nano.a(lib_a-errno.o)
 .text.__errno  0x0000000000000000        0xc d:/programmi/stm32cubeide_1.6.1/stm32cubeide/plugins/com.st.stm32cube.ide.mcu.externaltools.gnu-tools-for-stm32.9-2020-q2-update.win32_2.0.0.202105311346/tools/bin/../lib/gcc/arm-none-eabi/9.3.1/../../../../arm-none-eabi/lib/thumb/v7-m/nofp\libc_nano.a(lib_a-errno.o)
 .debug_frame   0x0000000000000000       0x20 d:/programmi/stm32cubeide_1.6.1/stm32cubeide/plugins/com.st.stm32cube.ide.mcu.externaltools.gnu-tools-for-stm32.9-2020-q2-update.win32_2.0.0.202105311346/tools/bin/../lib/gcc/arm-none-eabi/9.3.1/../../../../arm-none-eabi/lib/thumb/v7-m/nofp\libc_nano.a(lib_a-errno.o)
 .ARM.attributes
                0x0000000000000000       0x2d d:/programmi/stm32cubeide_1.6.1/stm32cubeide/plugins/com.st.stm32cube.ide.mcu.externaltools.gnu-tools-for-stm32.9-2020-q2-update.win32_2.0.0.202105311346/tools/bin/../lib/gcc/arm-none-eabi/9.3.1/../../../../arm-none-eabi/lib/thumb/v7-m/nofp\libc_nano.a(lib_a-errno.o)
 .text          0x0000000000000000        0x0 d:/programmi/stm32cubeide_1.6.1/stm32cubeide/plugins/com.st.stm32cube.ide.mcu.externaltools.gnu-tools-for-stm32.9-2020-q2-update.win32_2.0.0.202105311346/tools/bin/../lib/gcc/arm-none-eabi/9.3.1/../../../../arm-none-eabi/lib/thumb/v7-m/nofp\libc_nano.a(lib_a-exit.o)
 .data          0x0000000000000000        0x0 d:/programmi/stm32cubeide_1.6.1/stm32cubeide/plugins/com.st.stm32cube.ide.mcu.externaltools.gnu-tools-for-stm32.9-2020-q2-update.win32_2.0.0.202105311346/tools/bin/../lib/gcc/arm-none-eabi/9.3.1/../../../../arm-none-eabi/lib/thumb/v7-m/nofp\libc_nano.a(lib_a-exit.o)
 .bss           0x0000000000000000        0x0 d:/programmi/stm32cubeide_1.6.1/stm32cubeide/plugins/com.st.stm32cube.ide.mcu.externaltools.gnu-tools-for-stm32.9-2020-q2-update.win32_2.0.0.202105311346/tools/bin/../lib/gcc/arm-none-eabi/9.3.1/../../../../arm-none-eabi/lib/thumb/v7-m/nofp\libc_nano.a(lib_a-exit.o)
 .text.exit     0x0000000000000000       0x28 d:/programmi/stm32cubeide_1.6.1/stm32cubeide/plugins/com.st.stm32cube.ide.mcu.externaltools.gnu-tools-for-stm32.9-2020-q2-update.win32_2.0.0.202105311346/tools/bin/../lib/gcc/arm-none-eabi/9.3.1/../../../../arm-none-eabi/lib/thumb/v7-m/nofp\libc_nano.a(lib_a-exit.o)
 .debug_frame   0x0000000000000000       0x28 d:/programmi/stm32cubeide_1.6.1/stm32cubeide/plugins/com.st.stm32cube.ide.mcu.externaltools.gnu-tools-for-stm32.9-2020-q2-update.win32_2.0.0.202105311346/tools/bin/../lib/gcc/arm-none-eabi/9.3.1/../../../../arm-none-eabi/lib/thumb/v7-m/nofp\libc_nano.a(lib_a-exit.o)
 .ARM.attributes
                0x0000000000000000       0x2d d:/programmi/stm32cubeide_1.6.1/stm32cubeide/plugins/com.st.stm32cube.ide.mcu.externaltools.gnu-tools-for-stm32.9-2020-q2-update.win32_2.0.0.202105311346/tools/bin/../lib/gcc/arm-none-eabi/9.3.1/../../../../arm-none-eabi/lib/thumb/v7-m/nofp\libc_nano.a(lib_a-exit.o)
 .text          0x0000000000000000        0x0 d:/programmi/stm32cubeide_1.6.1/stm32cubeide/plugins/com.st.stm32cube.ide.mcu.externaltools.gnu-tools-for-stm32.9-2020-q2-update.win32_2.0.0.202105311346/tools/bin/../lib/gcc/arm-none-eabi/9.3.1/../../../../arm-none-eabi/lib/thumb/v7-m/nofp\libc_nano.a(lib_a-impure.o)
 .data          0x0000000000000000        0x0 d:/programmi/stm32cubeide_1.6.1/stm32cubeide/plugins/com.st.stm32cube.ide.mcu.externaltools.gnu-tools-for-stm32.9-2020-q2-update.win32_2.0.0.202105311346/tools/bin/../lib/gcc/arm-none-eabi/9.3.1/../../../../arm-none-eabi/lib/thumb/v7-m/nofp\libc_nano.a(lib_a-impure.o)
 .bss           0x0000000000000000        0x0 d:/programmi/stm32cubeide_1.6.1/stm32cubeide/plugins/com.st.stm32cube.ide.mcu.externaltools.gnu-tools-for-stm32.9-2020-q2-update.win32_2.0.0.202105311346/tools/bin/../lib/gcc/arm-none-eabi/9.3.1/../../../../arm-none-eabi/lib/thumb/v7-m/nofp\libc_nano.a(lib_a-impure.o)
 .data._impure_ptr
                0x0000000000000000        0x4 d:/programmi/stm32cubeide_1.6.1/stm32cubeide/plugins/com.st.stm32cube.ide.mcu.externaltools.gnu-tools-for-stm32.9-2020-q2-update.win32_2.0.0.202105311346/tools/bin/../lib/gcc/arm-none-eabi/9.3.1/../../../../arm-none-eabi/lib/thumb/v7-m/nofp\libc_nano.a(lib_a-impure.o)
 .data.impure_data
                0x0000000000000000       0x60 d:/programmi/stm32cubeide_1.6.1/stm32cubeide/plugins/com.st.stm32cube.ide.mcu.externaltools.gnu-tools-for-stm32.9-2020-q2-update.win32_2.0.0.202105311346/tools/bin/../lib/gcc/arm-none-eabi/9.3.1/../../../../arm-none-eabi/lib/thumb/v7-m/nofp\libc_nano.a(lib_a-impure.o)
 .rodata._global_impure_ptr
                0x0000000000000000        0x4 d:/programmi/stm32cubeide_1.6.1/stm32cubeide/plugins/com.st.stm32cube.ide.mcu.externaltools.gnu-tools-for-stm32.9-2020-q2-update.win32_2.0.0.202105311346/tools/bin/../lib/gcc/arm-none-eabi/9.3.1/../../../../arm-none-eabi/lib/thumb/v7-m/nofp\libc_nano.a(lib_a-impure.o)
 .ARM.attributes
                0x0000000000000000       0x2d d:/programmi/stm32cubeide_1.6.1/stm32cubeide/plugins/com.st.stm32cube.ide.mcu.externaltools.gnu-tools-for-stm32.9-2020-q2-update.win32_2.0.0.202105311346/tools/bin/../lib/gcc/arm-none-eabi/9.3.1/../../../../arm-none-eabi/lib/thumb/v7-m/nofp\libc_nano.a(lib_a-impure.o)
 .text          0x0000000000000000        0x0 d:/programmi/stm32cubeide_1.6.1/stm32cubeide/plugins/com.st.stm32cube.ide.mcu.externaltools.gnu-tools-for-stm32.9-2020-q2-update.win32_2.0.0.202105311346/tools/bin/../lib/gcc/arm-none-eabi/9.3.1/../../../../arm-none-eabi/lib/thumb/v7-m/nofp\libc_nano.a(lib_a-init.o)
 .data          0x0000000000000000        0x0 d:/programmi/stm32cubeide_1.6.1/stm32cubeide/plugins/com.st.stm32cube.ide.mcu.externaltools.gnu-tools-for-stm32.9-2020-q2-update.win32_2.0.0.202105311346/tools/bin/../lib/gcc/arm-none-eabi/9.3.1/../../../../arm-none-eabi/lib/thumb/v7-m/nofp\libc_nano.a(lib_a-init.o)
 .bss           0x0000000000000000        0x0 d:/programmi/stm32cubeide_1.6.1/stm32cubeide/plugins/com.st.stm32cube.ide.mcu.externaltools.gnu-tools-for-stm32.9-2020-q2-update.win32_2.0.0.202105311346/tools/bin/../lib/gcc/arm-none-eabi/9.3.1/../../../../arm-none-eabi/lib/thumb/v7-m/nofp\libc_nano.a(lib_a-init.o)
 .text          0x0000000000000000        0x0 d:/programmi/stm32cubeide_1.6.1/stm32cubeide/plugins/com.st.stm32cube.ide.mcu.externaltools.gnu-tools-for-stm32.9-2020-q2-update.win32_2.0.0.202105311346/tools/bin/../lib/gcc/arm-none-eabi/9.3.1/../../../../arm-none-eabi/lib/thumb/v7-m/nofp\libc_nano.a(lib_a-memset.o)
 .data          0x0000000000000000        0x0 d:/programmi/stm32cubeide_1.6.1/stm32cubeide/plugins/com.st.stm32cube.ide.mcu.externaltools.gnu-tools-for-stm32.9-2020-q2-update.win32_2.0.0.202105311346/tools/bin/../lib/gcc/arm-none-eabi/9.3.1/../../../../arm-none-eabi/lib/thumb/v7-m/nofp\libc_nano.a(lib_a-memset.o)
 .bss           0x0000000000000000        0x0 d:/programmi/stm32cubeide_1.6.1/stm32cubeide/plugins/com.st.stm32cube.ide.mcu.externaltools.gnu-tools-for-stm32.9-2020-q2-update.win32_2.0.0.202105311346/tools/bin/../lib/gcc/arm-none-eabi/9.3.1/../../../../arm-none-eabi/lib/thumb/v7-m/nofp\libc_nano.a(lib_a-memset.o)
 .text.memset   0x0000000000000000       0x10 d:/programmi/stm32cubeide_1.6.1/stm32cubeide/plugins/com.st.stm32cube.ide.mcu.externaltools.gnu-tools-for-stm32.9-2020-q2-update.win32_2.0.0.202105311346/tools/bin/../lib/gcc/arm-none-eabi/9.3.1/../../../../arm-none-eabi/lib/thumb/v7-m/nofp\libc_nano.a(lib_a-memset.o)
 .debug_frame   0x0000000000000000       0x20 d:/programmi/stm32cubeide_1.6.1/stm32cubeide/plugins/com.st.stm32cube.ide.mcu.externaltools.gnu-tools-for-stm32.9-2020-q2-update.win32_2.0.0.202105311346/tools/bin/../lib/gcc/arm-none-eabi/9.3.1/../../../../arm-none-eabi/lib/thumb/v7-m/nofp\libc_nano.a(lib_a-memset.o)
 .ARM.attributes
                0x0000000000000000       0x2d d:/programmi/stm32cubeide_1.6.1/stm32cubeide/plugins/com.st.stm32cube.ide.mcu.externaltools.gnu-tools-for-stm32.9-2020-q2-update.win32_2.0.0.202105311346/tools/bin/../lib/gcc/arm-none-eabi/9.3.1/../../../../arm-none-eabi/lib/thumb/v7-m/nofp\libc_nano.a(lib_a-memset.o)
 .text          0x0000000000000000        0x0 d:/programmi/stm32cubeide_1.6.1/stm32cubeide/plugins/com.st.stm32cube.ide.mcu.externaltools.gnu-tools-for-stm32.9-2020-q2-update.win32_2.0.0.202105311346/tools/bin/../lib/gcc/arm-none-eabi/9.3.1/thumb/v7-m/nofp/crtend.o
 .data          0x0000000000000000        0x0 d:/programmi/stm32cubeide_1.6.1/stm32cubeide/plugins/com.st.stm32cube.ide.mcu.externaltools.gnu-tools-for-stm32.9-2020-q2-update.win32_2.0.0.202105311346/tools/bin/../lib/gcc/arm-none-eabi/9.3.1/thumb/v7-m/nofp/crtend.o
 .bss           0x0000000000000000        0x0 d:/programmi/stm32cubeide_1.6.1/stm32cubeide/plugins/com.st.stm32cube.ide.mcu.externaltools.gnu-tools-for-stm32.9-2020-q2-update.win32_2.0.0.202105311346/tools/bin/../lib/gcc/arm-none-eabi/9.3.1/thumb/v7-m/nofp/crtend.o
 .eh_frame      0x0000000000000000        0x4 d:/programmi/stm32cubeide_1.6.1/stm32cubeide/plugins/com.st.stm32cube.ide.mcu.externaltools.gnu-tools-for-stm32.9-2020-q2-update.win32_2.0.0.202105311346/tools/bin/../lib/gcc/arm-none-eabi/9.3.1/thumb/v7-m/nofp/crtend.o
 .ARM.attributes
                0x0000000000000000       0x2d d:/programmi/stm32cubeide_1.6.1/stm32cubeide/plugins/com.st.stm32cube.ide.mcu.externaltools.gnu-tools-for-stm32.9-2020-q2-update.win32_2.0.0.202105311346/tools/bin/../lib/gcc/arm-none-eabi/9.3.1/thumb/v7-m/nofp/crtend.o
 .text          0x0000000000000000        0x0 d:/programmi/stm32cubeide_1.6.1/stm32cubeide/plugins/com.st.stm32cube.ide.mcu.externaltools.gnu-tools-for-stm32.9-2020-q2-update.win32_2.0.0.202105311346/tools/bin/../lib/gcc/arm-none-eabi/9.3.1/thumb/v7-m/nofp/crtn.o
 .data          0x0000000000000000        0x0 d:/programmi/stm32cubeide_1.6.1/stm32cubeide/plugins/com.st.stm32cube.ide.mcu.externaltools.gnu-tools-for-stm32.9-2020-q2-update.win32_2.0.0.202105311346/tools/bin/../lib/gcc/arm-none-eabi/9.3.1/thumb/v7-m/nofp/crtn.o
 .bss           0x0000000000000000        0x0 d:/programmi/stm32cubeide_1.6.1/stm32cubeide/plugins/com.st.stm32cube.ide.mcu.externaltools.gnu-tools-for-stm32.9-2020-q2-update.win32_2.0.0.202105311346/tools/bin/../lib/gcc/arm-none-eabi/9.3.1/thumb/v7-m/nofp/crtn.o

Memory Configuration

Name             Origin             Length             Attributes
RAM              0x0000000020000000 0x0000000000020000 xrw
RAM_UNUSED       0x0000000020010000 0x0000000000004000 xrw
FLASH            0x0000000008000000 0x0000000000100000 xr
*default*        0x0000000000000000 0xffffffffffffffff

Linker script and memory map

LOAD d:/programmi/stm32cubeide_1.6.1/stm32cubeide/plugins/com.st.stm32cube.ide.mcu.externaltools.gnu-tools-for-stm32.9-2020-q2-update.win32_2.0.0.202105311346/tools/bin/../lib/gcc/arm-none-eabi/9.3.1/thumb/v7-m/nofp/crti.o
LOAD d:/programmi/stm32cubeide_1.6.1/stm32cubeide/plugins/com.st.stm32cube.ide.mcu.externaltools.gnu-tools-for-stm32.9-2020-q2-update.win32_2.0.0.202105311346/tools/bin/../lib/gcc/arm-none-eabi/9.3.1/thumb/v7-m/nofp/crtbegin.o
LOAD d:/programmi/stm32cubeide_1.6.1/stm32cubeide/plugins/com.st.stm32cube.ide.mcu.externaltools.gnu-tools-for-stm32.9-2020-q2-update.win32_2.0.0.202105311346/tools/bin/../lib/gcc/arm-none-eabi/9.3.1/../../../../arm-none-eabi/lib/thumb/v7-m/nofp/crt0.o
LOAD ./Startup/memfault_handler.o
LOAD ./Startup/startup_stm32f207zgtx.o
LOAD ./Startup/syscalls.o
LOAD ./Startup/sysmem.o
START GROUP
LOAD d:/programmi/stm32cubeide_1.6.1/stm32cubeide/plugins/com.st.stm32cube.ide.mcu.externaltools.gnu-tools-for-stm32.9-2020-q2-update.win32_2.0.0.202105311346/tools/bin/../lib/gcc/arm-none-eabi/9.3.1/../../../../arm-none-eabi/lib/thumb/v7-m/nofp\libc_nano.a
LOAD d:/programmi/stm32cubeide_1.6.1/stm32cubeide/plugins/com.st.stm32cube.ide.mcu.externaltools.gnu-tools-for-stm32.9-2020-q2-update.win32_2.0.0.202105311346/tools/bin/../lib/gcc/arm-none-eabi/9.3.1/../../../../arm-none-eabi/lib/thumb/v7-m/nofp\libm.a
END GROUP
START GROUP
LOAD d:/programmi/stm32cubeide_1.6.1/stm32cubeide/plugins/com.st.stm32cube.ide.mcu.externaltools.gnu-tools-for-stm32.9-2020-q2-update.win32_2.0.0.202105311346/tools/bin/../lib/gcc/arm-none-eabi/9.3.1/thumb/v7-m/nofp\libgcc.a
LOAD d:/programmi/stm32cubeide_1.6.1/stm32cubeide/plugins/com.st.stm32cube.ide.mcu.externaltools.gnu-tools-for-stm32.9-2020-q2-update.win32_2.0.0.202105311346/tools/bin/../lib/gcc/arm-none-eabi/9.3.1/../../../../arm-none-eabi/lib/thumb/v7-m/nofp\libc_nano.a
END GROUP
START GROUP
LOAD d:/programmi/stm32cubeide_1.6.1/stm32cubeide/plugins/com.st.stm32cube.ide.mcu.externaltools.gnu-tools-for-stm32.9-2020-q2-update.win32_2.0.0.202105311346/tools/bin/../lib/gcc/arm-none-eabi/9.3.1/thumb/v7-m/nofp\libgcc.a
LOAD d:/programmi/stm32cubeide_1.6.1/stm32cubeide/plugins/com.st.stm32cube.ide.mcu.externaltools.gnu-tools-for-stm32.9-2020-q2-update.win32_2.0.0.202105311346/tools/bin/../lib/gcc/arm-none-eabi/9.3.1/../../../../arm-none-eabi/lib/thumb/v7-m/nofp\libc_nano.a
LOAD d:/programmi/stm32cubeide_1.6.1/stm32cubeide/plugins/com.st.stm32cube.ide.mcu.externaltools.gnu-tools-for-stm32.9-2020-q2-update.win32_2.0.0.202105311346/tools/bin/../lib/gcc/arm-none-eabi/9.3.1/../../../../arm-none-eabi/lib/thumb/v7-m/nofp\libnosys.a
END GROUP
START GROUP
LOAD d:/programmi/stm32cubeide_1.6.1/stm32cubeide/plugins/com.st.stm32cube.ide.mcu.externaltools.gnu-tools-for-stm32.9-2020-q2-update.win32_2.0.0.202105311346/tools/bin/../lib/gcc/arm-none-eabi/9.3.1/thumb/v7-m/nofp\libgcc.a
LOAD d:/programmi/stm32cubeide_1.6.1/stm32cubeide/plugins/com.st.stm32cube.ide.mcu.externaltools.gnu-tools-for-stm32.9-2020-q2-update.win32_2.0.0.202105311346/tools/bin/../lib/gcc/arm-none-eabi/9.3.1/../../../../arm-none-eabi/lib/thumb/v7-m/nofp\libc_nano.a
LOAD d:/programmi/stm32cubeide_1.6.1/stm32cubeide/plugins/com.st.stm32cube.ide.mcu.externaltools.gnu-tools-for-stm32.9-2020-q2-update.win32_2.0.0.202105311346/tools/bin/../lib/gcc/arm-none-eabi/9.3.1/../../../../arm-none-eabi/lib/thumb/v7-m/nofp\libnosys.a
END GROUP
LOAD d:/programmi/stm32cubeide_1.6.1/stm32cubeide/plugins/com.st.stm32cube.ide.mcu.externaltools.gnu-tools-for-stm32.9-2020-q2-update.win32_2.0.0.202105311346/tools/bin/../lib/gcc/arm-none-eabi/9.3.1/thumb/v7-m/nofp/crtend.o
LOAD d:/programmi/stm32cubeide_1.6.1/stm32cubeide/plugins/com.st.stm32cube.ide.mcu.externaltools.gnu-tools-for-stm32.9-2020-q2-update.win32_2.0.0.202105311346/tools/bin/../lib/gcc/arm-none-eabi/9.3.1/thumb/v7-m/nofp/crtn.o
                0x0000000020020000                _estack = (ORIGIN (RAM) + LENGTH (RAM))
                0x0000000000000200                _Min_Heap_Size = 0x200
                0x0000000000000400                _Min_Stack_Size = 0x400
                0x0000000000008000                __privileged_functions_region_size__ = 0x8000
                0x0000000000008000                __privileged_data_region_size__ = 0x8000
                0x0000000008000000                __FLASH_segment_start__ = ORIGIN (FLASH)
                0x0000000008100000                __FLASH_segment_end__ = (__FLASH_segment_start__ + LENGTH (FLASH))
                0x0000000020000000                __SRAM_segment_start__ = ORIGIN (RAM)
                0x0000000020020000                __SRAM_segment_end__ = (__SRAM_segment_start__ + LENGTH (RAM))
                0x0000000008000000                __privileged_functions_start__ = __FLASH_segment_start__
                0x0000000008008000                __privileged_functions_end__ = (__FLASH_segment_start__ + __privileged_functions_region_size__)
                0x0000000020000000                __privileged_data_start__ = __SRAM_segment_start__
                0x0000000020008000                __privileged_data_end__ = (__SRAM_segment_start__ + __privileged_data_region_size__)

.privileged_functions
                0x0000000008000000     0x8000
                0x0000000008000000                . = ALIGN (0x4)
 *(.isr_vector)
 .isr_vector    0x0000000008000000      0x184 ./Startup/startup_stm32f207zgtx.o
                0x0000000008000000                g_pfnVectors
                0x0000000008000184                . = ALIGN (0x4)
 *(privileged_functions)
                0x0000000008000184                . = ALIGN (0x4)
 FILL mask 0xdead
                0x0000000000008000                . = __privileged_functions_region_size__
 *fill*         0x0000000008000184     0x7e7c dead

.text           0x0000000008008000      0x110
                0x0000000008008000                . = ALIGN (0x4)
                0x0000000008008000                __syscalls_flash_start__ = .
 *(freertos_system_calls)
                0x0000000008008000                __syscalls_flash_end__ = .
                0x0000000008008000                . = ALIGN (0x4)
 *(.text)
 .text          0x0000000008008000       0x40 d:/programmi/stm32cubeide_1.6.1/stm32cubeide/plugins/com.st.stm32cube.ide.mcu.externaltools.gnu-tools-for-stm32.9-2020-q2-update.win32_2.0.0.202105311346/tools/bin/../lib/gcc/arm-none-eabi/9.3.1/thumb/v7-m/nofp/crtbegin.o
 *(.text*)
 .text.MemManage_Handler
                0x0000000008008040       0x1a ./Startup/memfault_handler.o
                0x0000000008008040                MemManage_Handler
 *fill*         0x000000000800805a        0x2 
 .text.Reset_Handler
                0x000000000800805c       0x50 ./Startup/startup_stm32f207zgtx.o
                0x000000000800805c                Reset_Handler
 .text.Default_Handler
                0x00000000080080ac        0x2 ./Startup/startup_stm32f207zgtx.o
                0x00000000080080ac                RTC_Alarm_IRQHandler
                0x00000000080080ac                HASH_RNG_IRQHandler
                0x00000000080080ac                EXTI2_IRQHandler
                0x00000000080080ac                TIM8_CC_IRQHandler
                0x00000000080080ac                DebugMon_Handler
                0x00000000080080ac                TIM1_CC_IRQHandler
                0x00000000080080ac                DMA2_Stream5_IRQHandler
                0x00000000080080ac                HardFault_Handler
                0x00000000080080ac                DMA1_Stream5_IRQHandler
                0x00000000080080ac                SysTick_Handler
                0x00000000080080ac                PVD_IRQHandler
                0x00000000080080ac                SDIO_IRQHandler
                0x00000000080080ac                TAMP_STAMP_IRQHandler
                0x00000000080080ac                PendSV_Handler
                0x00000000080080ac                NMI_Handler
                0x00000000080080ac                CAN2_RX1_IRQHandler
                0x00000000080080ac                EXTI3_IRQHandler
                0x00000000080080ac                TIM8_TRG_COM_TIM14_IRQHandler
                0x00000000080080ac                TIM1_UP_TIM10_IRQHandler
                0x00000000080080ac                TIM8_UP_TIM13_IRQHandler
                0x00000000080080ac                I2C3_ER_IRQHandler
                0x00000000080080ac                EXTI0_IRQHandler
                0x00000000080080ac                I2C2_EV_IRQHandler
                0x00000000080080ac                DMA1_Stream2_IRQHandler
                0x00000000080080ac                CAN1_RX0_IRQHandler
                0x00000000080080ac                OTG_HS_WKUP_IRQHandler
                0x00000000080080ac                UsageFault_Handler
                0x00000000080080ac                CAN2_SCE_IRQHandler
                0x00000000080080ac                DMA2_Stream2_IRQHandler
                0x00000000080080ac                SPI1_IRQHandler
                0x00000000080080ac                TIM6_DAC_IRQHandler
                0x00000000080080ac                TIM1_BRK_TIM9_IRQHandler
                0x00000000080080ac                DCMI_IRQHandler
                0x00000000080080ac                CAN2_RX0_IRQHandler
                0x00000000080080ac                DMA2_Stream3_IRQHandler
                0x00000000080080ac                USART6_IRQHandler
                0x00000000080080ac                USART3_IRQHandler
                0x00000000080080ac                CAN1_RX1_IRQHandler
                0x00000000080080ac                UART5_IRQHandler
                0x00000000080080ac                DMA2_Stream0_IRQHandler
                0x00000000080080ac                TIM4_IRQHandler
                0x00000000080080ac                I2C1_EV_IRQHandler
                0x00000000080080ac                DMA1_Stream6_IRQHandler
                0x00000000080080ac                DMA1_Stream1_IRQHandler
                0x00000000080080ac                UART4_IRQHandler
                0x00000000080080ac                TIM3_IRQHandler
                0x00000000080080ac                RCC_IRQHandler
                0x00000000080080ac                TIM8_BRK_TIM12_IRQHandler
                0x00000000080080ac                Default_Handler
                0x00000000080080ac                EXTI15_10_IRQHandler
                0x00000000080080ac                ADC_IRQHandler
                0x00000000080080ac                DMA1_Stream7_IRQHandler
                0x00000000080080ac                TIM7_IRQHandler
                0x00000000080080ac                CAN2_TX_IRQHandler
                0x00000000080080ac                TIM5_IRQHandler
                0x00000000080080ac                DMA2_Stream7_IRQHandler
                0x00000000080080ac                I2C3_EV_IRQHandler
                0x00000000080080ac                EXTI9_5_IRQHandler
                0x00000000080080ac                RTC_WKUP_IRQHandler
                0x00000000080080ac                ETH_WKUP_IRQHandler
                0x00000000080080ac                SPI2_IRQHandler
                0x00000000080080ac                OTG_HS_EP1_IN_IRQHandler
                0x00000000080080ac                DMA1_Stream0_IRQHandler
                0x00000000080080ac                CAN1_TX_IRQHandler
                0x00000000080080ac                SVC_Handler
                0x00000000080080ac                EXTI4_IRQHandler
                0x00000000080080ac                FSMC_IRQHandler
                0x00000000080080ac                ETH_IRQHandler
                0x00000000080080ac                OTG_HS_EP1_OUT_IRQHandler
                0x00000000080080ac                WWDG_IRQHandler
                0x00000000080080ac                TIM2_IRQHandler
                0x00000000080080ac                OTG_FS_WKUP_IRQHandler
                0x00000000080080ac                TIM1_TRG_COM_TIM11_IRQHandler
                0x00000000080080ac                OTG_HS_IRQHandler
                0x00000000080080ac                EXTI1_IRQHandler
                0x00000000080080ac                USART2_IRQHandler
                0x00000000080080ac                I2C2_ER_IRQHandler
                0x00000000080080ac                DMA2_Stream1_IRQHandler
                0x00000000080080ac                CAN1_SCE_IRQHandler
                0x00000000080080ac                FLASH_IRQHandler
                0x00000000080080ac                DMA2_Stream4_IRQHandler
                0x00000000080080ac                BusFault_Handler
                0x00000000080080ac                USART1_IRQHandler
                0x00000000080080ac                OTG_FS_IRQHandler
                0x00000000080080ac                SPI3_IRQHandler
                0x00000000080080ac                DMA1_Stream4_IRQHandler
                0x00000000080080ac                I2C1_ER_IRQHandler
                0x00000000080080ac                DMA2_Stream6_IRQHandler
                0x00000000080080ac                DMA1_Stream3_IRQHandler
 *fill*         0x00000000080080ae        0x2 
 .text.__libc_init_array
                0x00000000080080b0       0x48 d:/programmi/stm32cubeide_1.6.1/stm32cubeide/plugins/com.st.stm32cube.ide.mcu.externaltools.gnu-tools-for-stm32.9-2020-q2-update.win32_2.0.0.202105311346/tools/bin/../lib/gcc/arm-none-eabi/9.3.1/../../../../arm-none-eabi/lib/thumb/v7-m/nofp\libc_nano.a(lib_a-init.o)
                0x00000000080080b0                __libc_init_array
 *(.glue_7)
 .glue_7        0x00000000080080f8        0x0 linker stubs
 *(.glue_7t)
 .glue_7t       0x00000000080080f8        0x0 linker stubs
 *(.eh_frame)
 .eh_frame      0x00000000080080f8        0x0 d:/programmi/stm32cubeide_1.6.1/stm32cubeide/plugins/com.st.stm32cube.ide.mcu.externaltools.gnu-tools-for-stm32.9-2020-q2-update.win32_2.0.0.202105311346/tools/bin/../lib/gcc/arm-none-eabi/9.3.1/thumb/v7-m/nofp/crtbegin.o
 *(.init)
 .init          0x00000000080080f8        0x4 d:/programmi/stm32cubeide_1.6.1/stm32cubeide/plugins/com.st.stm32cube.ide.mcu.externaltools.gnu-tools-for-stm32.9-2020-q2-update.win32_2.0.0.202105311346/tools/bin/../lib/gcc/arm-none-eabi/9.3.1/thumb/v7-m/nofp/crti.o
                0x00000000080080f8                _init
 .init          0x00000000080080fc        0x8 d:/programmi/stm32cubeide_1.6.1/stm32cubeide/plugins/com.st.stm32cube.ide.mcu.externaltools.gnu-tools-for-stm32.9-2020-q2-update.win32_2.0.0.202105311346/tools/bin/../lib/gcc/arm-none-eabi/9.3.1/thumb/v7-m/nofp/crtn.o
 *(.fini)
 .fini          0x0000000008008104        0x4 d:/programmi/stm32cubeide_1.6.1/stm32cubeide/plugins/com.st.stm32cube.ide.mcu.externaltools.gnu-tools-for-stm32.9-2020-q2-update.win32_2.0.0.202105311346/tools/bin/../lib/gcc/arm-none-eabi/9.3.1/thumb/v7-m/nofp/crti.o
                0x0000000008008104                _fini
 .fini          0x0000000008008108        0x8 d:/programmi/stm32cubeide_1.6.1/stm32cubeide/plugins/com.st.stm32cube.ide.mcu.externaltools.gnu-tools-for-stm32.9-2020-q2-update.win32_2.0.0.202105311346/tools/bin/../lib/gcc/arm-none-eabi/9.3.1/thumb/v7-m/nofp/crtn.o
                0x0000000008008110                . = ALIGN (0x4)
                0x0000000008008110                _etext = .

.vfp11_veneer   0x0000000008008110        0x0
 .vfp11_veneer  0x0000000008008110        0x0 linker stubs

.v4_bx          0x0000000008008110        0x0
 .v4_bx         0x0000000008008110        0x0 linker stubs

.iplt           0x0000000008008110        0x0
 .iplt          0x0000000008008110        0x0 d:/programmi/stm32cubeide_1.6.1/stm32cubeide/plugins/com.st.stm32cube.ide.mcu.externaltools.gnu-tools-for-stm32.9-2020-q2-update.win32_2.0.0.202105311346/tools/bin/../lib/gcc/arm-none-eabi/9.3.1/thumb/v7-m/nofp/crtbegin.o

.rel.dyn        0x0000000008008110        0x0
 .rel.iplt      0x0000000008008110        0x0 d:/programmi/stm32cubeide_1.6.1/stm32cubeide/plugins/com.st.stm32cube.ide.mcu.externaltools.gnu-tools-for-stm32.9-2020-q2-update.win32_2.0.0.202105311346/tools/bin/../lib/gcc/arm-none-eabi/9.3.1/thumb/v7-m/nofp/crtbegin.o

.rodata         0x0000000008008110        0x0
                0x0000000008008110                . = ALIGN (0x4)
 *(.rodata)
 *(.rodata*)
                0x0000000008008110                . = ALIGN (0x4)

.ARM.extab      0x0000000008008110        0x0
                0x0000000008008110                . = ALIGN (0x4)
 *(.ARM.extab* .gnu.linkonce.armextab.*)
                0x0000000008008110                . = ALIGN (0x4)

.ARM            0x0000000008008110        0x0
                0x0000000008008110                . = ALIGN (0x4)
                0x0000000008008110                __exidx_start = .
 *(.ARM.exidx*)
                0x0000000008008110                __exidx_end = .
                0x0000000008008110                . = ALIGN (0x4)

.preinit_array  0x0000000008008110        0x0
                0x0000000008008110                . = ALIGN (0x4)
                0x0000000008008110                PROVIDE (__preinit_array_start = .)
 *(.preinit_array*)
                0x0000000008008110                PROVIDE (__preinit_array_end = .)
                0x0000000008008110                . = ALIGN (0x4)

.init_array     0x0000000008008110        0x4
                0x0000000008008110                . = ALIGN (0x4)
                0x0000000008008110                PROVIDE (__init_array_start = .)
 *(SORT_BY_NAME(.init_array.*))
 *(.init_array*)
 .init_array    0x0000000008008110        0x4 d:/programmi/stm32cubeide_1.6.1/stm32cubeide/plugins/com.st.stm32cube.ide.mcu.externaltools.gnu-tools-for-stm32.9-2020-q2-update.win32_2.0.0.202105311346/tools/bin/../lib/gcc/arm-none-eabi/9.3.1/thumb/v7-m/nofp/crtbegin.o
                0x0000000008008114                PROVIDE (__init_array_end = .)
                0x0000000008008114                . = ALIGN (0x4)

.fini_array     0x0000000008008114        0x4
                0x0000000008008114                . = ALIGN (0x4)
                [!provide]                        PROVIDE (__fini_array_start = .)
 *(SORT_BY_NAME(.fini_array.*))
 *(.fini_array*)
 .fini_array    0x0000000008008114        0x4 d:/programmi/stm32cubeide_1.6.1/stm32cubeide/plugins/com.st.stm32cube.ide.mcu.externaltools.gnu-tools-for-stm32.9-2020-q2-update.win32_2.0.0.202105311346/tools/bin/../lib/gcc/arm-none-eabi/9.3.1/thumb/v7-m/nofp/crtbegin.o
                [!provide]                        PROVIDE (__fini_array_end = .)
                0x0000000008008118                . = ALIGN (0x4)
                0x0000000008008118                _sidata = LOADADDR (.privileged_data)

.privileged_data
                0x0000000020000000     0x8000 load address 0x0000000008008118
                0x0000000020000000                . = ALIGN (0x4)
                0x0000000020000000                _sdata = .
 *(privileged_data)
                0x0000000020000000                . = ALIGN (0x4)
 FILL mask 0xdead
                0x0000000000008000                . = __privileged_data_region_size__
 *fill*         0x0000000020000000     0x8000 dead

.data           0x0000000020008000        0x0 load address 0x0000000008008118
                0x0000000020008000                . = ALIGN (0x4)
 *(.data)
 *(.data*)
                0x0000000020008000                . = ALIGN (0x4)
                0x0000000020008000                _edata = .

.igot.plt       0x0000000020008000        0x0 load address 0x0000000008008118
 .igot.plt      0x0000000020008000        0x0 d:/programmi/stm32cubeide_1.6.1/stm32cubeide/plugins/com.st.stm32cube.ide.mcu.externaltools.gnu-tools-for-stm32.9-2020-q2-update.win32_2.0.0.202105311346/tools/bin/../lib/gcc/arm-none-eabi/9.3.1/thumb/v7-m/nofp/crtbegin.o
                0x0000000020008000                . = ALIGN (0x4)

.bss            0x0000000020008000       0x1c load address 0x0000000008008118
                0x0000000020008000                _sbss = .
                0x0000000020008000                __bss_start__ = _sbss
 *(.bss)
 .bss           0x0000000020008000       0x1c d:/programmi/stm32cubeide_1.6.1/stm32cubeide/plugins/com.st.stm32cube.ide.mcu.externaltools.gnu-tools-for-stm32.9-2020-q2-update.win32_2.0.0.202105311346/tools/bin/../lib/gcc/arm-none-eabi/9.3.1/thumb/v7-m/nofp/crtbegin.o
 *(.bss*)
 *(COMMON)
                0x000000002000801c                . = ALIGN (0x4)
                0x000000002000801c                _ebss = .
                0x000000002000801c                __bss_end__ = _ebss

._user_heap_stack
                0x000000002000801c      0x604 load address 0x0000000008008118
                0x0000000020008020                . = ALIGN (0x8)
 *fill*         0x000000002000801c        0x4 
                0x0000000020008020                PROVIDE (end = .)
                [!provide]                        PROVIDE (_end = .)
                0x0000000020008220                . = (. + _Min_Heap_Size)
 *fill*         0x0000000020008020      0x200 
                0x0000000020008620                . = (. + _Min_Stack_Size)
 *fill*         0x0000000020008220      0x400 
                0x0000000020008620                . = ALIGN (0x8)

/DISCARD/
 libc.a(*)
 libm.a(*)
 libgcc.a(*)

.ARM.attributes
                0x0000000000000000       0x29
 *(.ARM.attributes)
 .ARM.attributes
                0x0000000000000000       0x1d d:/programmi/stm32cubeide_1.6.1/stm32cubeide/plugins/com.st.stm32cube.ide.mcu.externaltools.gnu-tools-for-stm32.9-2020-q2-update.win32_2.0.0.202105311346/tools/bin/../lib/gcc/arm-none-eabi/9.3.1/thumb/v7-m/nofp/crti.o
 .ARM.attributes
                0x000000000000001d       0x2d d:/programmi/stm32cubeide_1.6.1/stm32cubeide/plugins/com.st.stm32cube.ide.mcu.externaltools.gnu-tools-for-stm32.9-2020-q2-update.win32_2.0.0.202105311346/tools/bin/../lib/gcc/arm-none-eabi/9.3.1/thumb/v7-m/nofp/crtbegin.o
 .ARM.attributes
                0x000000000000004a       0x2d ./Startup/memfault_handler.o
 .ARM.attributes
                0x0000000000000077       0x21 ./Startup/startup_stm32f207zgtx.o
 .ARM.attributes
                0x0000000000000098       0x2d d:/programmi/stm32cubeide_1.6.1/stm32cubeide/plugins/com.st.stm32cube.ide.mcu.externaltools.gnu-tools-for-stm32.9-2020-q2-update.win32_2.0.0.202105311346/tools/bin/../lib/gcc/arm-none-eabi/9.3.1/../../../../arm-none-eabi/lib/thumb/v7-m/nofp\libc_nano.a(lib_a-init.o)
 .ARM.attributes
                0x00000000000000c5       0x1d d:/programmi/stm32cubeide_1.6.1/stm32cubeide/plugins/com.st.stm32cube.ide.mcu.externaltools.gnu-tools-for-stm32.9-2020-q2-update.win32_2.0.0.202105311346/tools/bin/../lib/gcc/arm-none-eabi/9.3.1/thumb/v7-m/nofp/crtn.o
OUTPUT(MPU_interrupts_freeRTOS.elf elf32-littlearm)
LOAD linker stubs
LOAD d:/programmi/stm32cubeide_1.6.1/stm32cubeide/plugins/com.st.stm32cube.ide.mcu.externaltools.gnu-tools-for-stm32.9-2020-q2-update.win32_2.0.0.202105311346/tools/bin/../lib/gcc/arm-none-eabi/9.3.1/../../../../arm-none-eabi/lib/thumb/v7-m/nofp\libc.a
LOAD d:/programmi/stm32cubeide_1.6.1/stm32cubeide/plugins/com.st.stm32cube.ide.mcu.externaltools.gnu-tools-for-stm32.9-2020-q2-update.win32_2.0.0.202105311346/tools/bin/../lib/gcc/arm-none-eabi/9.3.1/../../../../arm-none-eabi/lib/thumb/v7-m/nofp\libm.a
LOAD d:/programmi/stm32cubeide_1.6.1/stm32cubeide/plugins/com.st.stm32cube.ide.mcu.externaltools.gnu-tools-for-stm32.9-2020-q2-update.win32_2.0.0.202105311346/tools/bin/../lib/gcc/arm-none-eabi/9.3.1/thumb/v7-m/nofp\libgcc.a

.debug_info     0x0000000000000000       0x5e
 .debug_info    0x0000000000000000       0x3c ./Startup/memfault_handler.o
 .debug_info    0x000000000000003c       0x22 ./Startup/startup_stm32f207zgtx.o

.debug_abbrev   0x0000000000000000       0x43
 .debug_abbrev  0x0000000000000000       0x31 ./Startup/memfault_handler.o
 .debug_abbrev  0x0000000000000031       0x12 ./Startup/startup_stm32f207zgtx.o

.debug_aranges  0x0000000000000000       0x48
 .debug_aranges
                0x0000000000000000       0x20 ./Startup/memfault_handler.o
 .debug_aranges
                0x0000000000000020       0x28 ./Startup/startup_stm32f207zgtx.o

.debug_ranges   0x0000000000000000       0x30
 .debug_ranges  0x0000000000000000       0x10 ./Startup/memfault_handler.o
 .debug_ranges  0x0000000000000010       0x20 ./Startup/startup_stm32f207zgtx.o

.debug_macro    0x0000000000000000      0xaad
 .debug_macro   0x0000000000000000       0x11 ./Startup/memfault_handler.o
 .debug_macro   0x0000000000000011      0xa9c ./Startup/memfault_handler.o

.debug_line     0x0000000000000000       0xda
 .debug_line    0x0000000000000000       0x57 ./Startup/memfault_handler.o
 .debug_line    0x0000000000000057       0x83 ./Startup/startup_stm32f207zgtx.o

.debug_str      0x0000000000000000     0x2e0a
 .debug_str     0x0000000000000000     0x2dd9 ./Startup/memfault_handler.o
 .debug_str     0x0000000000002dd9       0x31 ./Startup/startup_stm32f207zgtx.o
                                         0xb7 (size before relaxing)

.comment        0x0000000000000000       0x53
 .comment       0x0000000000000000       0x53 ./Startup/memfault_handler.o
                                         0x54 (size before relaxing)

.debug_frame    0x0000000000000000       0x4c
 .debug_frame   0x0000000000000000       0x20 ./Startup/memfault_handler.o
 .debug_frame   0x0000000000000020       0x2c d:/programmi/stm32cubeide_1.6.1/stm32cubeide/plugins/com.st.stm32cube.ide.mcu.externaltools.gnu-tools-for-stm32.9-2020-q2-update.win32_2.0.0.202105311346/tools/bin/../lib/gcc/arm-none-eabi/9.3.1/../../../../arm-none-eabi/lib/thumb/v7-m/nofp\libc_nano.a(lib_a-init.o)
